[queenszoo.com/index.html]
[backblue.gif]
[fade.gif]
[index.html]
[cdn.wcs.org/2022/05/23/9cpppxbiqc_QZ_winter_2020_1.jpg]
[queenszoo.com/assets/application-6c2f93c5548c3787359a7a1c0b6d2c7bb2408556cc90ec4c2e04f8d168a15d5c.css]
[queenszoo.com/assets/wcsorg/favicons/apple-touch-icon-144x144-faa2945b3e8edac1858a77c4424b1d9333239d4eb43fe410c286c8cc8ba69b51.png]
[queenszoo.com/assets/wcsorg/favicons/apple-touch-icon-152x152-eb77b06d48181f5a57f6ab06c6a39b9722d6966516467a8aa52bdada0e50d479.png]
[queenszoo.com/assets/wcsorg/favicons/favicon-32x32-17bdc7cdbfebffe2c4d4abfb54a005fce54db37c3b0031011b30af719dc6a9fb.png]
[queenszoo.com/assets/wcsorg/favicons/favicon-16x16-f0ed3023dc5775effa3805bb1b75fff05b0690e40213dd79cef87c484256ff4a.png]
[queenszoo.com/assets/wcsorg/favicons/mstile-144x144-620c46ea2e0217a6fad692e02402566b52441246edffea3a1607453c72fab969.png]
[www.google-analytics.com/analytics.js]
[queenszoo.com/assets/update-7d819bb81b998a967b6e9065cfd885865ba9aee7f8a2afd6c763af78b3f01d6a.js]
[cdn.wcs.org/2023/11/20/15/07/06/c772fbfe-8bb3-4341-b307-45827ad4d96e/file.jpg]
[queenszoo.com/donate.html]
[queenszoo.com/membership.html]
[queenszoo.com/shop/ticket-options.html]
[queenszoo.com/assets/logos/queenszoo-e6519bb3b976a8a673acf79ec93327654b77a1d409ebda099fd12fe6e05fef99.png]
[queenszoo.com/shop/catalogs/cart.html]
[queenszoo.com/things-to-do.html]
[queenszoo.com/plan-your-visit.html]
[queenszoo.com/animals.html]
[queenszoo.com/learn.html]
[queenszoo.com/shop/catalogs/memberships-4.html]
[queenszoo.com/updates/beary-important-cub-date.html]
[cdn.wcs.org/2024/06/07/11/51/44/6323a747-fcb4-439c-8d4a-0d31bb994322/Terria-Clay_0065_Andean-Bear-with-Cubs_QZ_20240522.jpg]
[queenszoo.com/things-to-do/experiences/sea-lion-feedings.html]
[cdn.wcs.org/2022/05/23/8bv9r86htu_Julie_Larsen_Maher_2183_California_Sea_Lion_SLP_QZ_08_28_13.jpg]
[queenszoo.com/things-to-do/exhibits/domestic-animals.html]
[cdn.wcs.org/2022/09/01/6k28w3r8ua_Julie_Larsen_Maher_6111_Texas_Longhorn_Cattle_DA_QZ_03_26_13_card.jpg]
[cdn.wcs.org/2022/05/23/52h53u91dx_Julie_Larsen_Maher_0326_Puerto_Rican_Crested_Toad_HA_BZ_01_09_05_hy.jpg]
[queenszoo.com/animals/saving-wildlife.html]
[cdn.wcs.org/2022/05/23/g2xrldk38_qz_about.jpg]
[queenszoo.com/about.html]
[queenszoo.com/plan-your-visit/know-before-you-go.html]
[queenszoo.com/plan-your-visit/faqs.html]
[queenszoo.com/plan-your-visit/rules.html]
[queenszoo.com/plan-your-visit/getting-here.html]
[cdn.wcs.org/2022/05/23/7lowm3ngm8_Julie_Larsen_Maher_0917_Visitor_Child_with_Farm_Animals_QZ_06_27_16.jpg]
[queenszoo.com/schedule6298.html]
[cdn.wcs.org/2022/05/23/17a9ayjzm9_Julie_Larsen_Maher_0770_American_Bison_QZ_06_27_16_hy.jpg]
[queenszoo.com/map.html]
[queenszoo.com/volunteering.html]
[queenszoo.com/plan-your-visit/parties-and-events.html]
[queenszoo.com/plan-your-visit/accessibility.html]
[queenszoo.com/contact.html]
[queenszoo.com/legal/accessibility-statement.html]
[cdn.wcs.org/2024/08/15/16/22/26/52b9d70e-6b72-498d-9c23-85f1a817a54b/649137126-bz-lightbox-member-sale-extend-2024.jpg]
[queenszoo.com/index.html]
[queenszoo.com/assets/textures/paper-dd53f3534e2e5638f66dbdafd48c85054948b5d2a8ff8076c703d46992a733a6.png]
[queenszoo.com/packs/js/application-257539460512e98f12a8.js]
[queenszoo.com/assets/textures/pastel-4b5d910de5bb5e48823a79e1550441d78254bd40da589ff2c9d01ae704577b57.png]
[queenszoo.com/assets/textures/waves-2ffa03661c5486fd70c54d50be4d9f2e82299a36309b6725e8cd4421c09897d4.jpg]
[queenszoo.com/assets/textures/waves-light-45ec5ac9bfe6bf8de21b53cb85c59ad9687ce28566f5a4194b6744fff6fdf4d4.jpg]
[queenszoo.com/assets/icons/loading-f351f5169c0ee5838a5b66be1f7b55018059e724195aa9ffa0c3ecb6d7e5d871.svg]
[queenszoo.com/assets/icons/24/ecomm-select-bronxzoo-bdd8bcfaa1add61ae094c732b3eccf82ad7767bc9e32a2da4f2d9d66a10bedbe.svg]
[queenszoo.com/assets/icons/svg/false-8885bf8355553a9674cb8852cecc20ea1c4d6073575a005eb4bb6faee88b4aeb.svg]
[queenszoo.com/assets/icons/svg/true-ab145f78631621f410593a165bac3c101ef6da1755480b8e3255d6de79f73405.svg]
[queenszoo.com/assets/in-park-app/promo-phone-2269df5676ed1c3e48364824d1f38b17c8ed933a691eaf2730f1e1b142178d45.png]
[queenszoo.com/assets/application-6c2f93c5548c3787359a7a1c0b6d2c7bb2408556cc90ec4c2e04f8d168a15d5c.css]
[www.googletagmanager.com/gtm5445.html]
[cdn.wcs.org/2022/05/24/64zi3k3isr_Julie_Larsen_Maher_3470_Andean_Bears_QZ_07_31_12.jpg]
[cdn.wcs.org/2022/05/23/48on038nly_Julie_Larsen_Maher_8962_Linneauss_Two_toed_Sloth_CZ_BZ_05_25_15.jpg]
[cdn.wcs.org/2022/05/23/lzsttgnlv_Julie_Larsen_Maher_7168_Breheny_Jim_with_Southern_White_Rhino_ZCR_BZ_11_05_20.jpg]
[cdn.wcs.org/2022/05/23/2cvlwntgw9_Julie_Larsen_Maher_6168_White_cheeked_Gibbon_with_Visitors_JUN_BZ_02_24_17_hr.jpg]
[cdn.wcs.org/2022/05/24/1c6oobztiq_Julie_Larsen_Maher_6909_New_England_Cottontail_Rabbits_QZ_03_26_19_hy.jpg]
[cdn.wcs.org/2022/05/24/9dl8580nfj__Julie_Larsen_Maher_1718_Pudu_and_Fawn_QZ_06_01_17.jpg]
[queenszoo.com/assets/promos/crane-baeac65268bbe2f17805c781d9bcfa1b0fd8fd5f0a3b6ba008cdc223fc7a0873.png]
[queenszoo.com/donate.html]
[cdn.wcs.org/2022/05/23/71lncbsivj_promo.jpg]
[cdn.wcs.org/2023/05/26/08/51/31/14d87d9c-cef3-4948-897f-0c47e5f7fcd3/file.jpg]
[cdn.wcs.org/2023/05/26/08/51/31/d7bda7a8-91d9-4731-baf6-0c279b532613/file.jpg]
[cdn.wcs.org/2022/05/23/6ftuaaqv4u_Julie_Larsen_Maher_2958_Children_s_Zoo_Reopening_with_Guests_in_Masks_CZ_BZ_07_22_20_hr.jpg]
[cdn.wcs.org/2022/05/23/6r2pm9virg_Julie_Larsen_Maher_1323_American_Bison_and_Calves_in_Fall_BZ_11_08_18_1.jpg]
[cdn.wcs.org/2022/05/23/tg8fjus9b_Julie_Larsen_Maher_3161_Birds_in_Flight_Phung_Luu_BZ_07_26_19_1.jpg]
[queenszoo.com/membership.html]
[queenszoo.com/shop/catalogs/queens-zoo-admission.html]
[s3.amazonaws.com/wcs-cms/bz-plan-your-tripac28.js]
[queenszoo.com/learn/educators/school-programs.html]
[queenszoo.com/plan-your-visit/group-sales/students.html]
[queenszoo.com/plan-your-visit/group-sales/personal.html]
[queenszoo.com/shop/ticket-options.html]
[queenszoo.com/assets/ecomm/catalogs/application-ad24c3165c1345942a5af0c57e828b1c56c20b8ead9cc0a6a21c541197e278a1.css]
[queenszoo.com/shop/catalogs/cart.html]
[queenszoo.com/packs/js/shop-a2c05eaa33e56f138387.js]
[cdn.wcs.org/2022/05/23/2404gmvtd8_Julie_Larsen_Maher_4690_Visitor_Child_Boy_with_Nubian_Goats_DA_QZ_04_17_12_hy.jpg]
[queenszoo.com/things-to-do/exhibits.html]
[cdn.wcs.org/2019/04/22/20tnfqlsyn_promo_Julie_Larsen_Maher_1948_Sun_Conures_AVI_QZ_07_25_12.jpg]
[queenszoo.com/things-to-do/experiences.html]
[cdn.wcs.org/2020/11/10/a1bgdvbgo_8zolnzoa26_QZ_card_experience_sea_lion_2018.jpg]
[queenszoo.com/things-to-do/events.html]
[s3.amazonaws.com/wcs-cms/springboard-widget.js]
[cdn.wcs.org/2015/07/16/1zmhmb2lg6_Julie_Larsen_Maher_2120_Zoo_Camp_Camper_with_Instructor_and_Education_Animal_QZ_07_25_12.jpg]
[cdn.wcs.org/2020/07/23/3xfosaifpf_40cwy40m2_Julie_Larsen_Maher_6395_Aviary_exterior_AVI_QZ_08_28_09.jpg]
[cdn.wcs.org/2014/12/15/4lpwxpuohe_Julie_Larsen_Maher_3639_Andean_Bears_QZ_07_31_12_card.jpg]
[s3.amazonaws.com/wcs-cms/bz-plan-your-trip.js]
[queenszoo.com/things-to-do.html]
[queenszoo.com/plan-your-visit/hours-and-rates.html]
[cdn.wcs.org/2020/07/22/7tws6ym0yn_Screen_Shot_2020_07_22_at_1.03.21_PM.png]
[queenszoo.com/plan-your-visit/dining.html]
[cdn.wcs.org/2020/11/10/tr1ksfcc7_Julie_Larsen_Maher_4598_Visitor_Children_Boy_and_Girl_with_Plush_Merchandise_QZ_04_17_12_hr.jpg]
[cdn.wcs.org/2021/02/25/4f29wlsjof_Julie_Larsen_Maher_1000_Visitors_with_Children_QZ_07_24_19_hr.jpg]
[cdn.wcs.org/2020/11/10/4vb5153pvz_Julie_Larsen_Maher_1758_Visitors_with_Children_QZ_07_24_19_hr.jpg]
[queenszoo.com/plan-your-visit.html]
[cdn.wcs.org/2022/05/23/6k6cz82pgy_Julie_Larsen_Maher_0662_Andean_Bear_QZ_06_27_16.jpg]
[queenszoo.com/animals/our-animals.html]
[cdn.wcs.org/2022/05/23/8u1bk284i7_Julie_Larsen_Maher_0308_American_Alligator_QZ_06_28_17.jpg]
[cdn.wcs.org/2022/05/23/79rqre48fl_Julie_Larsen_Maher_3639_Andean_Bears_QZ_07_31_12_card.jpg]
[cdn.wcs.org/2022/05/23/41vyjdna5z_Dennis_DeMello_0326_Bald_Eagle_QZ_06_24_02_hr.jpg]
[cdn.wcs.org/2022/05/23/179kwbyynx_Julie_Larsen_Maher_8838_Belted_Galloway_Cow_DA_QZ_09_30_13.jpg]
[queenszoo.com/animals.html]
[queenszoo.com/learn/children/summer-camp.html]
[cdn.wcs.org/2024/01/28/13/39/16/595a5c05-7923-461a-a252-55d1b82f25f6/QZ_Education_summer_camp_ZooExplorers_rabbit.jpg]
[queenszoo.com/learn/families.html]
[cdn.wcs.org/2022/05/24/28ex6qrlve__Julie_Larsen_Maher_1544_Andean_Bear_and_Cub_QZ_05_01_17.jpg]
[queenszoo.com/learn/families/school-break-camps.html]
[cdn.wcs.org/2024/07/15/10/28/51/bcf48cbd-19f2-405f-80b4-462f279f6269/QZ_Education_summer_camp_ZooTykes_Frankie_eagle_puppet_.jpg]
[queenszoo.com/learn/families/birthdays.html]
[cdn.wcs.org/2022/05/24/9bs51io85b_8zpcvonxc9_5tw3xq4pja_Julie_Larsen_Maher_4714_Visitor_Child_Boy_with_Nubian_Goat_DA_QZ_04_17_12_hr.jpg]
[cdn.wcs.org/2022/05/23/48ac8ldqmk_8zolnzoa26_QZ_card_experience_sea_lion_2018.jpg]
[cdn.wcs.org/2022/05/24/1mkzzpv5cl_QZ_hero_pudu_2020.jpg]
[queenszoo.com/learn/field-trips/tours.html]
[cdn.wcs.org/2022/12/20/2wvzuyr316_Julie_Larsen_Maher_4521_Tours_with_Volunteers_Education_CPZ_04_17_12_hr.jpg]
[queenszoo.com/learn/adults.html]
[cdn.wcs.org/2022/05/24/6nmch9t2yd_QZ_spring_2021_4.jpg]
[cdn.wcs.org/2022/05/23/4zmfout556_b4rm8abij_Megan_Maher_5320_Merchandise_Zoo_Store_BZ_12_28_17.jpg]
[cdn.wcs.org/2022/05/24/7txmqzci0o_Julie_Larsen_Maher_8444_Bobwhite_quail_chick_AVI_QZ_11_20_09_hr.jpg]
[queenszoo.com/learn/subscribe.html]
[cdn.wcs.org/2022/09/20/8flzlbcf1r_QZ_card_experience_sea_lion_2018.jpg]
[s3.amazonaws.com/wcs-cms/bz-ed.js]
[queenszoo.com/learn.html]
[queenszoo.com/shop/membership_lookup.html]
[s3.amazonaws.com/wcs-cms/nyza-remove-gift-membership.js]
[queenszoo.com/shop/catalogs/memberships-4.html]
[cdn.wcs.org/2024/06/07/11/11/21/b505691d-81bb-41d5-9983-e5663cd09081/Terria-Clay_0065_Andean-Bear-with-Cubs_QZ_20240522.jpg]
[queenszoo.com/updates.html]
[queenszoo.com/updates/beary-important-cub-date.html]
[cdn.wcs.org/2022/05/24/1x76lqcz7__Julie_Larsen_Maher_2186_Keeper_with_California_Sea_Lion_Taylor_QZ_08_28_13.jpg]
[cdn.wcs.org/2022/05/18/8mvmyonr_qz_map_2022.png]
[queenszoo.com/things-to-do/experiences/sea-lion-feedings.html]
[queenszoo.com/packs/js/map/detail-211c96460b64847c2656.js]
[cdn.wcs.org/2022/05/24/3u8wd4ovq2_Julie_Larsen_Maher_1995_Texas_Longhorn_Cattle_QZ_03_16_22_1.jpg]
[cdn.wcs.org/2022/05/24/58i6bf4vzs_Julie_Larsen_Maher_8939_Belted_Galloway_Cow_DA_QZ_06_16_11_1.jpg]
[cdn.wcs.org/2022/05/24/2sqpw52c9x_Julie_Larsen_Maher_8564_Jacobs_Four_horned_Sheep_and_lambs_DA_QZ_03_19_10_1.jpg]
[cdn.wcs.org/2022/04/12/88k1pcl09f_Julie_Larsen_Maher_5406_Haflinger_Pony_Horse_Chablis_QZ_09_14_21_1.png]
[cdn.wcs.org/2022/04/12/87m9u9k5fb_Julie_Larsen_Maher_6117_Mulefoot_Hogs_in_Fall_QZ_11_04_20_1.png]
[cdn.wcs.org/2022/04/12/66mvy4ki7m_Julie_Larsen_Maher_2117_Highland_Cattle_QZ_03_16_22_1.png]
[cdn.wcs.org/2022/04/12/8z58d1e1w0_Julie_Larsen_Maher_5388_Donkey_Holiday_QZ_09_14_21_1.png]
[cdn.wcs.org/2022/04/12/10m7j2gik3_Julie_Larsen_Maher_5948_Domestic_Goose_QZ_01_07_21_1.png]
[cdn.wcs.org/2022/04/12/5expzr9k45_Julie_Larsen_Maher_4855_Alpaca_Cria_DA_QZ_04_17_12_1.png]
[cdn.wcs.org/2022/04/12/1vxc8bw1hl_Julie_Larsen_Maher_3205_Giant_Flemish_Rabbits_QZ_03_17_16_1.png]
[cdn.wcs.org/2022/04/12/3ixbkwlhar_Julie_Larsen_Maher_6168_Baby_Doll_Sheep_DA_QZ_03_26_13_1.png]
[queenszoo.com/things-to-do/exhibits/domestic-animals.html]
[cdn.wcs.org/2022/05/24/40enfit5jl_Julie_Larsen_Maher_1792_Puerto_Rican_Crested_Toad_CPZ_05_07_08.jpg]
[cdn.wcs.org/2022/05/24/6z3pthfh9b__Julie_Larsen_Maher_0123_Andean_Bear_and_Cub_QZ_06_28_17_hy.jpg]
[cdn.wcs.org/2022/05/24/9sziofo08i_Julie_Larsen_Maher_8911_Scarlet_Macaw_AVI_QZ_09_30_13_card.jpg]
[cdn.wcs.org/2022/05/24/59sgnbve70_Julie_Larsen_Maher_6909_New_England_Cottontail_Rabbits_QZ_03_26_19_hy.jpg]
[cdn.wcs.org/2022/05/24/2z5wo12dbq_Julie_Larsen_Maher_4456_Puma_Cleo_HA_QZ_04_15_05.jpg]
[cdn.wcs.org/2022/05/23/5ud9ypco6h_East_African_Forests_and_Savannah.jpg]
[cdn.wcs.org/2022/05/23/5gnal9mwia_WCS_hero_EOY_1121_2017.jpg]
[cdn.wcs.org/2022/05/23/82uzqgnjz_WCS_Get_Involved_Hero_Budget_Alert_2017_0317.jpg]
[cdn.wcs.org/2022/05/23/xmroivayt_WCS_Promo_Sharks_bill_0315_2018.jpg]
[cdn.wcs.org/2022/05/23/5c7k7lxogl_wcs_hero_wwd_jaguar.jpg]
[queenszoo.com/animals/saving-wildlife.html]
[cdn.wcs.org/2022/05/24/q5d3zyggm_Julie_Larsen_Maher_2122a_Roosevelt_Elk_and_Calf_QZ_08_28_13.jpg]
[cdn.wcs.org/2022/05/24/86tit65viq_Julie_Larsen_Maher_7120_Bald_Eagle_QZ_12_07_17.jpg]
[cdn.wcs.org/2022/05/24/am8mz32me_Julie_Larsen_Maher_4714_Visitor_Child_Boy_with_Nubian_Goat_DA_QZ_04_17_12.jpg]
[cdn.wcs.org/2022/05/24/1xnlszblg7_Julie_Larsen_Maher_6395_Aviary_exterior_AVI_QZ_08_28_09.jpg]
[cdn.wcs.org/2022/05/24/gqxjt5zpt_Julie_Larsen_Maher_8937_Pudu_QZ_07_25_13.jpg]
[cdn.wcs.org/2022/05/24/64u084y3nq_Julie_Larsen_Maher_0308_American_Alligator_QZ_06_28_17.jpg]
[cdn.wcs.org/2022/05/24/32k8g2u4dn_Julie_Larsen_Maher_0846_California_Sea_Lion_QZ_06_27_16.jpg]
[cdn.wcs.org/2022/05/24/8jh6hdt6ps_Julie_Larsen_Maher_3727_Texas_Longhorn_Cattle_and_Calf_DA_QZ_06_05_12.jpg]
[cdn.wcs.org/2022/05/24/1nnc5m8msg_Julie_Larsen_Maher_4817_Zoo_Camp_Education_QZ_07_25_17.jpg]
[queenszoo.com/about.html]
[queenszoo.com/plan-your-visit/know-before-you-go/members.html]
[wcs-cms.s3.amazonaws.com/bz-kbyg.js]
[cdn.wcs.org/2022/05/24/1x54ckvvcv_queenszoo.jpg]
[queenszoo.com/plan-your-visit/know-before-you-go.html]
[s3.amazonaws.com/wcs-cms/search.js]
[s3.amazonaws.com/wcs-cms/nyza-faqs.js]
[queenszoo.com/plan-your-visit/faqs.html]
[queenszoo.com/plan-your-visit/rules.html]
[queenszoo.com/plan-your-visit/getting-here.html]
[queenszoo.com/schedule.html]
[queenszoo.com/schedule6298.html]
[queenszoo.com/schedule63fa.html]
[queenszoo.com/guides.html]
[queenszoo.com/nearby.html]
[cdn.wcs.org/2022/05/18/2q8q63f9q7_qz_map_key_2022.png]
[queenszoo.com/map.html]
[queenszoo.com/packs/js/map/show-ff05c44cebedb22bed01.js]
[queenszoo.com/teens/teen-volunteer-program.html]
[cdn.wcs.org/2022/05/23/7p42dgpe36_julie_larsen_maher_2786_discovery_guide_bag_ppz_07_27_12.jpg]
[queenszoo.com/volunteering/adult-volunteers.html]
[cdn.wcs.org/2022/05/23/984wfv3u18_Julie_Larsen_Maher_8608_Volunteer_Docent_CPZ_07_22_15.jpg]
[queenszoo.com/volunteering.html]
[queenszoo.com/plan-your-visit/group-sales.html]
[cdn.wcs.org/2022/05/23/99iyem2jun_9954x3gdvc_5ss9ryp3g5_Julie_Larsen_Maher_4029_Education_Birthday_Party_PPZ_04_12_12.jpg]
[cdn.wcs.org/2022/05/23/4ewpur1lr4_Bronx_Zoo_Cocktail_Hour_at_Sea_Lion_Pool_Christopher_Duggan.jpg]
[queenszoo.com/plan-your-visit/parties-and-events.html]
[queenszoo.com/plan-your-visit/accessibility/service-dog-policy.html]
[queenszoo.com/plan-your-visit/accessibility.html]
[queenszoo.com/contact/thank-you.html]
[s3.amazonaws.com/wcs-cms/nyza-contact-form.js]
[www.google.com/recaptcha/api.js]
[queenszoo.com/contact.html]
[queenszoo.com/legal.html]
[cdn.wcs.org/2023/12/08/16/04/39/e0a69122-bf88-4e1e-95bb-164121a1feb0/audioeye-trusted.png]
[queenszoo.com/legal/accessibility-statement.html]
[queenszoo.com/assets/icons/loading-f351f5169c0ee5838a5b66be1f7b55018059e724195aa9ffa0c3ecb6d7e5d871.svg]
[queenszoo.com/assets/icons/24/ecomm-select-bronxzoo-bdd8bcfaa1add61ae094c732b3eccf82ad7767bc9e32a2da4f2d9d66a10bedbe.svg]
[queenszoo.com/assets/icons/svg/false-8885bf8355553a9674cb8852cecc20ea1c4d6073575a005eb4bb6faee88b4aeb.svg]
[queenszoo.com/assets/icons/svg/true-ab145f78631621f410593a165bac3c101ef6da1755480b8e3255d6de79f73405.svg]
[bronxzoo.com/assets/textures/paper-dd53f3534e2e5638f66dbdafd48c85054948b5d2a8ff8076c703d46992a733a6.png]
[cdn.wcs.org/2022/02/24/4k0ms5ub7w_searchicon.png]
[cdn.wcs.org/2020/12/08/6ff8og62km_icon_lock.png]
[cdn.wcs.org/2020/06/11/8ggw3bmiog_Julie_Larsen_Maher_1323_American_Bison_and_Calves_in_Fall_BZ_11_08_18_1.png]
[cdn.wcs.org/2020/06/12/83tmlh7mz4_Julie_Larsen_Maher__7033_Tisch_Childrens_Zoo_with_Visitor_and_Child_CPZ_08_15_19_1.jpg]
[cdn.wcs.org/2019/01/25/1tfx1zzmn1_logo_the_zoo.png]
[cdn.wcs.org/2020/03/30/3ctwyynpaa_Julie_Larsen_Maher_1384_Tassler_Heather_Keeper_with_Ringtailed_Lemurs_MAD_BZ_06_30_16_1.jpg]
[cdn.wcs.org/2020/08/19/6hlfvrv2yv_WCS_Virtual_Membership_card_2020_bison.jpg]
[cdn.wcs.org/2020/08/19/345xgd54kp_WCS_Virtual_Membership_card_2020_blue_penguin.jpg]
[cdn.wcs.org/2020/08/19/6fi71ws7dy_WCS_Virtual_Membership_card_2020_shark.jpg]
[cdn.wcs.org/2020/08/19/3fbmu16nww_WCS_Virtual_Membership_card_2020_tiger.jpg]
[s3.amazonaws.com/wcs-cms/bz-membershipb3e8.css]
[cdn.wcs.org/2020/07/30/44iwxt1bks_ICON_plus.png]
[cdn.wcs.org/2020/07/23/hjuozq8d6_ICON_plusaq.png]
[cdn.wcs.org/2020/07/09/1uccrw6pkq_nyaquarium.png]
[cdn.wcs.org/2024/02/23/14/01/29/ed6ae374-acb6-4a29-b5fb-dab4a6866c0e/sea-lion-encounter.jpg]
[cdn.wcs.org/2024/04/30/12/34/25/9e62564e-7ad9-4e72-a790-d7eb2895fa0e/Julie-Larsen-Maher_3569_Run-for-the-Wild_BZ_04-30-22-1.jpg]
[cdn.wcs.org/2022/04/28/2i4p85q5cn_bronxzoo_summer_2022.png]
[cdn.wcs.org/2020/05/18/ersffdhwp_ICON_plus.png]
[cdn.wcs.org/2024/07/10/15/27/33/a1629081-3a02-4396-9903-9e4636f66ecb/arrow-left.png]
[cdn.wcs.org/2024/07/10/15/27/19/a385ee69-dbe5-49c5-94f0-31080c7e9bc9/arrow-right.png]
[cdn.wcs.org/2018/09/14/72xd52thil_Julie_Larsen_Maher_1693_Cheetah_Connection_WAC_BZ_08_08_18_we.jpg]
[cdn.wcs.org/2022/06/30/6v6d5ztg8f_ppz_map_summer_2022.png]
[cdn.wcs.org/2021/07/09/2ydfjjx4tc_queenszoo.png]
[cdn.wcs.org/2020/04/30/7tpr4iv0h_ICON_plus.png]
[cdn.wcs.org/2020/04/27/3kl480ycjt_Julie_Larsen_Maher_1693_Cheetah_Connection_WAC_BZ_08_08_18_we.jpg]
[cdn.wcs.org/2019/07/08/7sb2r8st22_Julie_Larsen_Maher_0987_California_Sea_Lions_kissing_SLC_PPZ_04_06_11_hr.jpg]
[s3.amazonaws.com/wcs-cms/bz-plan-your-tripac28.css]
[queenszoo.com/shop/catalogs/queens-zoo-admission.html]
[queenszoo.com/learn/educators/school-programs/elementary-school.html]
[cdn.wcs.org/2022/05/24/5sf0xjmq4s__Julie_Larsen_Maher_1644_Andean_Bear_and_Cub_QZ_05_01_17.jpg]
[queenszoo.com/learn/educators/school-programs/middle-school.html]
[cdn.wcs.org/2022/05/24/8386fdgced_Julie_Larsen_Maher_8862_Bald_Eagle_in_Fall_BOP_BZ_10_23_17_hr.jpg]
[queenszoo.com/learn/field-trips/school-programs/high-school.html]
[cdn.wcs.org/2023/08/14/07/58/26/54e4584b-f32e-4ec7-b242-cf1e5ea5b0a2/file.jpg]
[cdn.wcs.org/2023/08/13/18/53/47/74fbc025-fdd8-4fbe-a1f9-5b1a83e3c06b/Julie Larsen Maher_9291_Puma_QZ_04 30 21.jpg]
[queenszoo.com/learn/field-trips/scavenger-hunts.html]
[cdn.wcs.org/2023/08/13/18/49/31/4f7a2dd8-e082-4628-8eb1-65b9e568f72b/Julie Larsen Maher_5395_California Sea Lion and Feed_QZ_08 02 22.jpg]
[queenszoo.com/learn/educators/school-programs.html]
[queenszoo.com/learn/field-trips/plan/faq.html]
[queenszoo.com/plan-your-visit/group-sales/affiliation-program.html]
[queenszoo.com/plan-your-visit/group-sales/students/bookea48.html]
[queenszoo.com/plan-your-visit/group-sales/students.html]
[queenszoo.com/plan-your-visit/group-sales/personal.html]
[queenszoo.com/assets/ecomm/catalogs/application-ad24c3165c1345942a5af0c57e828b1c56c20b8ead9cc0a6a21c541197e278a1.css]
[queenszoo.com/plan-your-visit/group-sales/personal/bookea48.html]
[queenszoo.com/things-to-do/exhibits/aviary.html]
[cdn.wcs.org/2022/05/24/6fwxw2ktfm_Julie_Larsen_Maher_6001_Blue_and_yellow_macaw_ECU_11_23_08.jpg]
[cdn.wcs.org/2022/05/24/6qglk6z6qb_Julie_Larsen_Maher_6111_Texas_Longhorn_Cattle_DA_QZ_03_26_13_card.jpg]
[queenszoo.com/things-to-do/exhibits/sea-lion-pool.html]
[cdn.wcs.org/2022/05/24/3gg45ibmy6_Julie_Larsen_Maher_2183_California_Sea_Lion_SLP_QZ_08_28_13.jpg]
[queenszoo.com/things-to-do/exhibits/wild-side.html]
[cdn.wcs.org/2022/05/24/7j3hapd9ez_Julie_Larsen_Maher_3639_Andean_Bears_QZ_07_31_12_card.jpg]
[queenszoo.com/things-to-do/exhibits/waterfowl-marsh.html]
[cdn.wcs.org/2024/01/30/09/24/42/7c3312ff-7052-4cd7-a13a-e4c312969df2/file.jpg]
[queenszoo.com/things-to-do/exhibits.html]
[queenszoo.com/things-to-do/experiences/quests.html]
[cdn.wcs.org/2022/07/25/78ef56p45u_Julie_Larsen_Maher_5098_Quest_Education_QZ_07_26_17_hr.jpg]
[cdn.wcs.org/2022/05/23/4pj9wh598o_QZ_card_experience_sea_lion_2018.jpg]
[queenszoo.com/things-to-do/experiences/wildlife-stage.html]
[cdn.wcs.org/2024/07/08/09/11/42/44a4884f-1608-42bd-9c03-d0d21b1a6bf1/IMG_8882.jpg]
[queenszoo.com/things-to-do/experiences.html]
[queenszoo.com/things-to-do/events.html]
[s3.amazonaws.com/wcs-cms/bz-plan-your-trip.css]
[queenszoo.com/plan-your-visit/hours-and-rates.html]
[queenszoo.com/plan-your-visit/dining.html]
[cdn.wcs.org/2022/05/24/1dvgbngu7_Julie_Larsen_Maher_4356_American_Alligators_WMA_QZ_09_08_06_hr.jpg]
[cdn.wcs.org/2022/05/24/6j6njhkeso_Julie_Larsen_Maher_6323_American_Bison_GP_QZ_08_28_09_card.jpg]
[cdn.wcs.org/2022/05/24/1myb39af7q_6gr9tpwdg6_Julie_Larsen_Maher_3471_Andean_Bears_QZ_07_31_12_hr.jpg]
[cdn.wcs.org/2022/05/24/57qbzpvo97_Dennis_DeMello_0326_Bald_Eagle_QZ_06_24_02_hr.jpg]
[cdn.wcs.org/2022/05/24/5nbwcjkse8_Julie_Larsen_Maher_8838_Belted_Galloway_Cow_DA_QZ_09_30_13.jpg]
[cdn.wcs.org/2022/05/24/5ytiubtml5_Julie_Larsen_Maher_2183_California_Sea_Lion_SLP_QZ_08_28_13.jpg]
[cdn.wcs.org/2022/05/24/3264v51dgu_Julie_Larsen_Maher_0371c_Canadian_Lynx_QZ_01_09_13.jpg]
[cdn.wcs.org/2022/05/24/9aj157t1aa_Julie_Larsen_Maher_8907_Cattle_Egret_AVI_QZ_09_30_13_hr.jpg]
[cdn.wcs.org/2022/05/24/4kdbttn3o8_Julie_Larsen_Maher_2473_Coyote_GP_QZ_05_31_06.jpg]
[cdn.wcs.org/2022/05/24/72l3av6kwz_Julie_Larsen_Maher_6947_Giant_Flemish_Rabbit_QZ_08_08_11_hr.jpg]
[cdn.wcs.org/2022/05/24/8il16q2fa6_Julie_Larsen_Maher_4456_Puma_Cleo_HA_QZ_04_15_05.jpg]
[cdn.wcs.org/2022/05/24/7ujkqxkyvw_Julie_Larsen_Maher_9557_Roosevelt_Elk_QZ_05_10_19_hr.jpg]
[cdn.wcs.org/2022/05/24/32yjeeflew_Julie_Larsen_Maher_2410_Southern_pudu_SAT_QZ_05_31_06.jpg]
[cdn.wcs.org/2022/05/24/6knrcvzrgm_Julie_Larsen_Maher_9254_Texas_Longhorn_Cattle_QZ_07_09_14_hr.jpg]
[cdn.wcs.org/2022/05/24/4rvwmd0ky5_Julie_Larsen_Maher_6901_Thick_billed_Parrot_SAT_QZ_10_21_10.jpg]
[cdn.wcs.org/2022/05/24/1fuhprdf1n_Julie_Larsen_Maher_9347_Highland_Cattle_QZ_04_30_21.jpg]
[queenszoo.com/animals/our-animals.html]
[cdn.wcs.org/2023/12/21/13/25/11/592b4b86-91f7-4702-8c38-e7f2f3cf3a45/QZ_summer_camp_Education_class_toddler_turtle_600x400px.jpg]
[cdn.wcs.org/2023/12/21/14/27/34/6662155f-3e4e-4b93-b762-7e96f5b4e93e/QZ_Education_summer_camp_outdoors_camper_600x400px.jpg]
[cdn.wcs.org/2023/12/21/14/27/34/4257c761-fb66-4d02-b8d6-a8176fca50a3/QZ_Education_summer_camp_ZooTykes_Frankie_eagle_puppet_.jpg]
[cdn.wcs.org/2023/12/21/14/27/34/802aea20-1165-4360-8ddf-4df418b5a049/QZ_Education_summer_camp_ZooExplorers_rabbit.jpg]
[cdn.wcs.org/2023/01/06/3hht4n1x6c_IMG_0057.jpg]
[cdn.wcs.org/2023/12/21/14/29/42/c2ac930d-8022-44b6-ac7f-2217c304049d/QZ_Education_summer_camp_run_outdoors_600x400px.jpg]
[cdn.wcs.org/2023/12/21/14/29/42/beffb325-fc49-476f-b1fd-139db2833eee/QZ_Education_summer_camp_art_outdoors_600x400px.jpg]
[cdn.wcs.org/2023/12/21/14/27/34/b436846f-ef14-4f20-900d-f0c7ff486a65/QZ_Education_summer_camp_JuniorScientist_2022_hedgehog_600x400px.jpg]
[queenszoo.com/learn/children/summer-camp.html]
[queenszoo.com/learn/families/summer-camp/resources.html]
[queenszoo.com/learn/families/early-childhood-programs.html]
[cdn.wcs.org/2022/09/02/9busezesln_Julie_Larsen_Maher_8904_Andean_Bear_Nicole_and_Cubs_QZ_12_07_21_web.jpg]
[queenszoo.com/learn/families/children-programs.html]
[cdn.wcs.org/2022/05/24/77ykk38rzp_Julie_Larsen_Maher_6609_American_Bison_calves_in_wild_YELL_05_06_06_hr_IG_web.jpg]
[queenszoo.com/learn/families/family-programs.html]
[cdn.wcs.org/2022/05/24/8mjk4bkj5x__Julie_Larsen_Maher_1718_Pudu_and_Fawn_QZ_06_01_17.jpg]
[cdn.wcs.org/2022/05/24/1kfavcbc1w_Julie_Larsen_Maher_6001_Blue_and_yellow_macaw_ECU_11_23_08.jpg]
[cdn.wcs.org/2022/05/23/3ep6l7q7xi_Julie_Larsen_Maher_3038_Overnight_Adventure_Children_in_Tent_QZ_04_21_11_hr.jpg]
[queenszoo.com/learn/families/scouts.html]
[cdn.wcs.org/2022/09/02/5e1b10i2vp_Brownies_2022_Web.jpg]
[cdn.wcs.org/2022/05/24/8q3x9mm2a4_Julie_Larsen_Maher_0846_California_Sea_Lion_QZ_06_27_16.jpg]
[cdn.wcs.org/2022/05/24/2xyg4ik82k_Diversity_Camp_kids.jpg]
[queenszoo.com/learn/families.html]
[cdn.wcs.org/2023/01/09/7j7k0mo8ct_Julie_Larsen_Maher_3067_Thick_billed_Parrots_QZ_10_16_13_1.jpg]
[cdn.wcs.org/2023/07/26/15/58/43/c60d2633-3ca8-4cc0-84f3-724d0c842adc/Julie Larsen Maher_0130_American Bison and Calves_BZ_05 25 22 (1).jpg]
[cdn.wcs.org/2024/08/05/08/39/05/89ea89a7-3c23-49e2-995d-f295fb366c64/PN_LP_Cover_revised.jpg]
[cdn.wcs.org/2022/05/26/44co81l0cn_345as51buk_Julie_Larsen_Maher_9203_Southern_Pudu_Fawn_QZ_05_01_14_hr_copy.jpg]
[cdn.wcs.org/2024/08/02/17/22/40/7c28d23b-f8f5-42fc-8fcb-a01756149f15/Julie Larsen Maher_4317_Canada Lynx_QZ_02 21 21 (1).jpg]
[cdn.wcs.org/2024/08/02/17/17/45/332e7616-45d7-4dd1-95d0-a8d2ba498775/Terria Clay_0014_Andean Bear with Cubs_WS_QZ_20240521.jpg]
[cdn.wcs.org/2024/06/24/06/28/47/3674f015-a73b-4768-9635-0482964fa30f/Julie Larsen Maher_9130_Coyotes in Snow_QZ_01 28 15.jpg]
[cdn.wcs.org/2024/08/02/17/17/45/52f67103-6662-4dca-99dd-ce77e7390130/Julie Larsen Maher_8828_Puma in Snow_WTR_QZ_01 18 15.jpg]
[cdn.wcs.org/2022/12/16/9au4mltvie_Julie_Larsen_Maher_5510_Andean_Bear_and_Cubs_QZ_08_02_22.jpg]
[cdn.wcs.org/2024/08/02/17/01/55/6abfc0d7-0631-4c77-8694-1964efa66f18/KaitWalser_QZ_SchoolBreakCamp_TomHurtubise_Serena_BallPython_02202023_2.jpg]
[cdn.wcs.org/2023/07/03/22/14/41/1aa8e216-9283-473c-a086-75202f58cead/Julie Larsen Maher_0764_Indian Peafowl, Peacock in Snow_PPZ_01 20 09 copy.jpg]
[cdn.wcs.org/2024/06/25/08/29/52/bdb1778b-82d1-46f0-888b-bb8e39d5ba8a/Terria-Clay_0065_Andean-Bear-with-Cubs_QZ_20240522.jpg]
[cdn.wcs.org/2024/01/30/09/22/42/c84ee4f4-d2c9-426a-a5a7-71fc8c23e490/Julie Larsen Maher_5437_Hooded Merganser_QZ_01 07 21 1.jpg]
[queenszoo.com/learn/families/school-break-camps.html]
[cdn.wcs.org/2022/05/23/31e8u8dplm_Julie_Larsen_Maher_4855_Alpaca_Cria_DA_QZ_04_17_12_1_.jpg]
[cdn.wcs.org/2023/06/30/04/32/55/3d09edbd-ee11-4390-89ad-132e03912cf3/Julie Larsen Maher_9400_Highland Cattle_QZ_04 30 21.jpg]
[cdn.wcs.org/2022/08/15/2qolqsepdn_7yorv5ryxd_Julie_Larsen_Maher_6002_Scarlet_and_Blue_and_yellow_macaws_ECU_11_23_08_hr_2_.jpg]
[cdn.wcs.org/2023/06/30/06/02/20/b9f69289-785b-4576-a5c4-9b2bf7853e83/Julie Larsen Maher_9125_Canadian Lynx with Enrichment_QZ_04 30 21.jpg]
[cdn.wcs.org/2022/08/15/2g9zqpth2f_Julie_Larsen_Maher_9278_Andean_Bear_Nicole_and_Cubs_QZ_12_07_21.jpg]
[queenszoo.com/learn/families/birthdays.html]
[cdn.wcs.org/2022/05/31/1notbxnssd_Julie_Larsen_Maher_9257_Puma_QZ_12_22_16.jpg]
[cdn.wcs.org/2022/05/31/4tkcd4k0vp_Julie_Larsen_Maher_4313_Coyotes_QZ_10_06_14.jpg]
[cdn.wcs.org/2022/05/31/6nnu5dt1jr_Julie_Larsen_Maher_3727_Texas_Longhorn_Cattle_and_Calf_DA_QZ_06_05_12.jpg]
[cdn.wcs.org/2024/07/01/11/10/26/f1656f75-d8f5-41d5-bcfd-d6fa7381787c/Julie Larsen Maher_7013_Wood Duck_QZ_12 07 17.jpg]
[cdn.wcs.org/2022/05/31/9q08qjxgva_Julie_Larsen_Maher_6901_Thick_billed_Parrot_SAT_QZ_10_21_10.jpg]
[queenszoo.com/learn/field-trips/tours.html]
[cdn.wcs.org/2022/05/24/4uzjkp5vz1_WCS_EDU_AIP_Promo_127_JMorey_06_25_2016_Jamaica_yyBa.jpg]
[cdn.wcs.org/2022/05/24/3zq75zaa7r_Julie_Larsen_Maher_5048_Quest_Education_BZ_04_14_17_hr_card.jpg]
[cdn.wcs.org/2022/05/24/1qzregjb4l_Julie_Larsen_Maher_8937_Pudu_QZ_07_25_13.jpg]
[queenszoo.com/learn/adults.html]
[s3.amazonaws.com/downloads.mailchimp.com/js/mc-validate.js]
[queenszoo.com/learn/subscribe.html]
[s3.amazonaws.com/wcs-cms/bz-education-fix.css]
[s3.amazonaws.com/wcs-cms/bz-exhibits.css]
[cdn.wcs.org/2019/02/06/2depv9bl4q_the_zoo_hero_gradient.png]
[s3.amazonaws.com/wcs-cms/bz-if-then.css]
[cdn.wcs.org/2019/01/29/8u8a49xii7_icon_plus.png]
[queenszoo.com/assets/e-comm/membership-card-2023-1b8a63c697c71152d271277395699f80415c2fa8ca01492b728a0e6e8a3cbe57.png]
[www.recaptcha.net/recaptcha/api.js]
[queenszoo.com/assets/members/promo/petting-goat-95f3f8a345f4120285007d8d7ba4bf96c7f33a6a0d78cadf9f667678ead1673b.jpg]
[queenszoo.com/shop/membership_lookup.html]
[cdn.wcs.org/2024/06/08/00/06/41/2a26364e-a582-4d1d-8352-ef80b7632775/Terria-Clay_0065_Andean-Bear-with-Cubs_QZ_20240522.jpg]
[queenszoo.com/updates/cub-date.html]
[queenszoo.com/updates/prepare-for-cute-we-ve-got-a-pudu-fawn.html]
[cdn.wcs.org/2022/05/25/113uyhgzyu__Julie_Larsen_Maher_1718_Pudu_and_Fawn_QZ_06_01_17.jpg]
[queenszoo.com/updates/it-s-a-boy.html]
[cdn.wcs.org/2022/05/25/1v00yrrhko__Julie_Larsen_Maher_1149_Andean_Bear_and_Cub_QZ_05_01_17_card.jpg]
[queenszoo.com/updates/introducing-the-national-mammal.html]
[cdn.wcs.org/2022/05/26/9lbmkc3j9f_Bison_Seal_Profile_Picture.jpg]
[queenszoo.com/updates/your-best-photos-of-2015.html]
[cdn.wcs.org/2022/05/29/7kfqm5z92w___jwilkins.jpg]
[queenszoo.com/updates/welcome-to-nyc-nicole.html]
[cdn.wcs.org/2022/05/29/2mgmrnkv5x_NICOLE2.jpg]
[queenszoo.com/updates/look-who-s-new.html]
[cdn.wcs.org/2022/05/29/9dr3mb0eyv_Julie_Larsen_Maher_6341_Burrowing_Owl_QZ_09_25_15_1_.jpg]
[queenszoo.com/updates/roosevelt-elk-calf-is-born.html]
[cdn.wcs.org/2022/05/29/8dt12ci1d8_Julie_Larsen_Maher_9127_Roosevelt_Elk_and_Calf_QZ_07_27_15_sq.jpg]
[queenszoo.com/updates/rescued-coyote-pups-at-the-zoo.html]
[cdn.wcs.org/2022/05/29/2ty1qiu9cd_Julie_Larsen_Maher_4313_Coyotes_QZ_10_06_14.jpg]
[queenszoo.com/updates.html]
[s3.amazonaws.com/wcs-cms/bz-saving-wildlife.css]
[s3.amazonaws.com/wcs-cms/nyza-about.css]
[queenszoo.com/plan-your-visit/know-before-you-go/members.html]
[wcs-cms.s3.amazonaws.com/bz-kbyg.css]
[s3.amazonaws.com/wcs-cms/bz-membership.css]
[s3.amazonaws.com/wcs-cms/nyza-faqs.css]
[queenszoo.com/schedule.html]
[queenszoo.com/schedulebcd9.html]
[queenszoo.com/schedule63fa.html]
[queenszoo.com/schedule6c13.html]
[cdn.wcs.org/2022/05/24/yoxgqkhsk_Julie_Larsen_Maher_8587_Quest_Education_CPZ_07_22_15_sq.jpg]
[queenszoo.com/guides.html]
[cdn.wcs.org/2022/05/24/73ppiqonom_442098502_b88f02229e_o.jpg]
[cdn.wcs.org/2022/05/24/53nrs2dt42_josh_bousel_queens_museum_panorama_1.jpg]
[cdn.wcs.org/2022/05/24/p7s3yuu65__Megan_Maher_9123_New_York_Mets_vs._Washington_Nationals_08_12_14.jpg]
[queenszoo.com/nearby.html]
[cdn.wcs.org/2022/05/23/2t6aeubhni_Julie_Larsen_Maher_5107_Quest_Education_QZ_07_26_17.jpg]
[queenszoo.com/teens/teen-volunteer-program.html]
[cdn.wcs.org/2022/05/24/5kmjkajxam_Julie_Larsen_Maher_8751_Pronghorns_fawns_GP_QZ_11_20_09_hr_1_.jpg]
[queenszoo.com/volunteering/adult-volunteers.html]
[cdn.wcs.org/2022/09/20/6bripgboj4_Julie_Larsen_Maher_6416_Visitors_QZ_06_14_17.jpg]
[cdn.wcs.org/2022/09/20/2prm1ys1tt_Julie_Larsen_Maher_1154_Visitors_with_Children_QZ_07_24_19_1_.jpg]
[cdn.wcs.org/2022/09/20/53hlz229ae_Julie_Larsen_Maher_9278_Andean_Bear_Nicole_and_Cubs_QZ_12_07_21.jpg]
[queenszoo.com/plan-your-visit/group-sales.html]
[queenszoo.com/plan-your-visit/accessibility/service-dog-policy.html]
[s3.amazonaws.com/wcs-cms/bz-accessibility.css]
[s3.amazonaws.com/wcs-cms/springboard-widget.css]
[queenszoo.com/contact/thank-you.html]
[queenszoo.com/legal.html]
[cdn.wcs.org/2021/07/09/7sp6lgwd4t_cpz_map.png]
[bronxzoo.com/assets/textures/paper-3f02c7aa6efbd73b13cd7543a94c6d7d.html]
[cdn.wcs.org/2023/08/11/16/00/15/5c6addac-4b6e-482e-ba0a-ca68328cbbab/file.jpg]
[cdn.wcs.org/2023/08/11/15/58/36/faf45838-e392-4d16-8893-608714c6ab82/file.jpg]
[cdn.wcs.org/2024/07/01/09/26/51/c87eca02-c276-4c33-af80-24faeb6b5ae1/Julie Larsen Maher_5916_Jacob's Four-horned Sheep_QZ_01 07 21.jpg]
[cdn.wcs.org/2023/08/11/16/00/16/8eb6d11f-9aa7-4f64-8592-5d84b038e3f1/file.jpg]
[cdn.wcs.org/2024/06/04/10/56/34/ca9084d6-478d-4122-9239-bc5bc1dbe401/file.jpg]
[cdn.wcs.org/2024/06/04/10/56/34/64944338-1232-491c-b58c-059b9d0a1186/Julie Larsen Maher_9291_Puma_QZ_04 30 21.jpg]
[cdn.wcs.org/2023/08/11/16/00/16/56710855-cfc0-4a1c-88be-3def4e31725d/Julie Larsen Maher_4767_Coyote_QZ_12 05 18.jpg]
[cdn.wcs.org/2023/08/11/16/00/16/3c75c8a0-8fae-4659-8e0a-9852356fa00e/file.jpg]
[cdn.wcs.org/2024/06/14/10/02/28/5686ac63-b7a6-4165-bfce-79160c654dd8/file.jpg]
[cdn.wcs.org/2023/08/11/15/35/59/b507ffc3-97b1-439a-89fb-7bd71f1726eb/file.jpg]
[queenszoo.com/learn/educators/school-programs/elementary-school.html]
[cdn.wcs.org/2023/08/11/15/58/37/e347e3e5-d940-4198-8eab-e0c5043ea331/Julie Larsen Maher_9125_Canadian Lynx with Enrichment_QZ_04 30 21.jpg]
[queenszoo.com/learn/educators/school-programs/middle-school.html]
[queenszoo.com/learn/field-trips/school-programs/high-school.html]
[queenszoo.com/learn/field-trips/scavenger-hunts.html]
[queenszoo.com/learn/field-trips/plan.html]
[s3.amazonaws.com/wcs-cms/nyza-learn.js]
[queenszoo.com/learn/field-trips/plan/faq.html]
[queenszoo.com/plan-your-visit/group-sales/affiliation-program.html]
[queenszoo.com/plan-your-visit/group-sales/students/bookea48.html]
[s3.amazonaws.com/wcs-cms/wcs-group-sales.css]
[queenszoo.com/plan-your-visit/group-sales/personal/bookea48.html]
[cdn.wcs.org/2022/05/24/7j5sgao08e_Julie_Larsen_Maher_4393_Red_and_green_Macaw_QZ_06_05_18_1.jpg]
[cdn.wcs.org/2022/05/24/5xz824h8zr_Julie_Larsen_Maher_1226_Blue_and_Yellow_Macaw_QZ_07_17_20_2.jpg]
[cdn.wcs.org/2022/05/24/33hjuk9a0v_Julie_Larsen_Maher_4174_Sun_Conures_AVI_QZ_09_29_11_1.jpg]
[cdn.wcs.org/2022/04/12/2sv3kgluvy_Julie_Larsen_Maher_6645_Scenics_QZ_06_14_17_1.png]
[cdn.wcs.org/2022/04/12/1zbveq5tyy_Julie_Larsen_Maher_3067_Thick_billed_Parrots_QZ_10_16_13_1.png]
[cdn.wcs.org/2022/04/12/6i4grj21hj_Julie_Larsen_Maher_8907_Cattle_Egret_AVI_QZ_09_30_13_2.png]
[cdn.wcs.org/2022/04/12/4w76ursh0o_Julie_Larsen_Maher_4427_Blue_and_yellow_Macaw_QZ_06_05_18_1.png]
[cdn.wcs.org/2022/04/12/9ed3rbeat_Julie_Larsen_Maher_3222_Black_crowned_Night_Heron_and_Chicks_CZ_BZ_08_27_21_1.png]
[cdn.wcs.org/2022/04/12/8r8lbprs6g_Julie_Larsen_Maher_1167_Sun_Conures_QZ_07_17_20_1.png]
[cdn.wcs.org/2022/04/12/8kgbdw8h30_Julie_Larsen_Maher_0186_Bobwhite_Quail_QZ_05_10_12_1.png]
[queenszoo.com/things-to-do/exhibits/aviary.html]
[cdn.wcs.org/2022/05/24/6kkevgoegy_Julie_Larsen_Maher_8038_California_Sea_Lion_Feed_QZ_10_27_21_1.jpg]
[cdn.wcs.org/2022/05/24/8y801flyod_IMG_7277_1.jpg]
[cdn.wcs.org/2022/05/24/ehfgh3uzm_Julie_Larsen_Maher_2260_California_Sea_Lion_Feed_with_Keepers_QZ_03_16_22_1.jpg]
[cdn.wcs.org/2022/04/11/924nyq0mu3_Julie_Larsen_Maher_0846_California_Sea_Lion_QZ_06_27_16_1.png]
[queenszoo.com/things-to-do/exhibits/sea-lion-pool.html]
[cdn.wcs.org/2022/05/24/6uhkqpfw5h_Julie_Larsen_Maher_4770_Andean_Bear_QZ_06_05_18_1.jpg]
[cdn.wcs.org/2022/05/24/9g4oxopfn8_Julie_Larsen_Maher_2122a_Roosevelt_Elk_and_Calf_QZ_08_28_13_1.jpg]
[cdn.wcs.org/2022/05/24/9s8x7tmtoy_Julie_Larsen_Maher_1161_Visitors_with_Children_QZ_07_24_19_1_1.jpg]
[cdn.wcs.org/2021/12/06/6ufz0766n6_Julie_Larsen_Maher_9465_American_Bison_with_Visitors_QZ_05_10_19_1.jpg]
[cdn.wcs.org/2022/05/24/12nrmsv5iy_Julie_Larsen_Maher_5715_Canada_Lynx_QZ_01_07_21_1.jpg]
[cdn.wcs.org/2022/05/24/8cq7l202sp_Julie_Larsen_Maher_1314_Chacoan_Peccary_QZ_07_17_20_1.jpg]
[cdn.wcs.org/2021/12/06/31a8nhowff_Julie_Larsen_Maher_3008_Puma_QZ_10_16_13_1.jpg]
[cdn.wcs.org/2021/12/06/53b6wukb5r_Julie_Larsen_Maher_8937_Pudu_QZ_07_25_13_1.jpg]
[cdn.wcs.org/2021/12/06/8duhkeyf66_Julie_Larsen_Maher_7114_Bald_Eagle_QZ_12_07_17_1.jpg]
[cdn.wcs.org/2020/04/24/5qqaodzs4_Julie_Larsen_Maher_3471_Andean_Bears_QZ_07_31_12_hr.jpg]
[cdn.wcs.org/2021/12/06/6rl65fk6vk_Julie_Larsen_Maher_0308_American_Alligator_QZ_06_28_17_1.jpg]
[cdn.wcs.org/2014/12/16/4xfebf7ryg_Julie_Larsen_Maher_0371c_Canadian_Lynx_QZ_01_09_13.jpg]
[cdn.wcs.org/2014/12/12/4z175muib1_Julie_Larsen_Maher_6323_American_Bison_GP_QZ_08_28_09_card.jpg]
[queenszoo.com/things-to-do/exhibits/wild-side.html]
[cdn.wcs.org/2022/05/24/8lmn0badgy_Julie_Larsen_Maher_7129_Bald_Eagle_QZ_12_07_17_2.jpg]
[cdn.wcs.org/2022/05/24/49owun42dq_Julie_Larsen_Maher_5990_Redhead_QZ_01_07_21_2.jpg]
[cdn.wcs.org/2022/05/24/7sln8pknoh_Julie_Larsen_Maher_8764_Red_eared_Sliders_WMA_QZ_03_19_10_1.jpg]
[cdn.wcs.org/2022/04/12/jnq64821o_Julie_Larsen_Maher_0422_Trumpeter_Swans_QZ_01_09_13_1.png]
[cdn.wcs.org/2022/05/24/4bujmqac74_Julie_Larsen_Maher_1406_American_Alligators_QZ_07_19_12_1.jpg]
[cdn.wcs.org/2022/04/12/5fr3kgq8dv_Julie_Larsen_Maher_9511_Spring_Scenics_with_Visitors_QZ_05_10_19_1.png]
[cdn.wcs.org/2022/04/12/2p4o10jn6b_Julie_Larsen_Maher_5460_Hooded_Merganser_QZ_01_07_21_1.png]
[cdn.wcs.org/2022/04/12/7kjwy0so7e_Julie_Larsen_Maher_7749_Bald_Eagle_QZ_10_27_21_1.png]
[cdn.wcs.org/2022/04/12/56o55zyjn_Julie_Larsen_Maher_7006_Wood_Duck_QZ_12_07_17_1.png]
[cdn.wcs.org/2022/04/12/3wzx9jp698_Julie_Larsen_Maher_0383_Trumpeter_Swans_in_water_QZ_01_09_13_1.png]
[cdn.wcs.org/2022/04/12/3t9wggqgnx_Julie_Larsen_Maher_0304_American_Alligator_QZ_06_28_17_1.png]
[cdn.wcs.org/2022/04/12/2s2aom26cd_Julie_Larsen_Maher_5940_Red_eared_Turtles_Anthony_J_Genovesi_Environmental_Study_Center_Brooklyn_05_12_11_1.png]
[queenszoo.com/things-to-do/exhibits/waterfowl-marsh.html]
[cdn.wcs.org/2022/07/25/612xcg5uhs_Julie_Larsen_Maher_5098_Quest_Education_QZ_07_26_17_hr.jpg]
[cdn.wcs.org/2024/07/16/15/51/31/43178161-25ee-4076-9494-42f67bbf981a/QZ Quest Map 2024.png]
[queenszoo.com/things-to-do/experiences/quests.html]
[cdn.wcs.org/2024/07/08/09/09/45/b48a2676-72e9-49f9-a799-0d3d09b67ef4/IMG_8882.jpg]
[queenszoo.com/things-to-do/experiences/wildlife-stage.html]
[queenszoo.com/learn/families/summer-camp/resources.html]
[cdn.wcs.org/2024/07/05/15/45/17/7ddeb84f-d3e0-4ab0-b481-25cc99361f24/file.jpg]
[cdn.wcs.org/2022/08/15/55q5hqs2y6_Julie_Larsen_Maher_4773_Toddler_Time_Child_and_Instructor_with_Feathers_DISC_QZ_04_17_12.jpg]
[cdn.wcs.org/2023/12/18/06/12/31/22d67abd-3b36-4d27-aa78-a174e0511956/file.jpg]
[queenszoo.com/learn/families/early-childhood-programs.html]
[cdn.wcs.org/2022/05/30/8jbhj1wmd0_Julie_Larsen_Maher_3337_Dead_leaf_mantis_ECU_11_15_08.jpg]
[cdn.wcs.org/2023/12/05/16/05/39/c56118a7-4e29-4d25-9578-626413d6c47c/Julie Larsen Maher_7289_Chacoan Peccary_QZ_12 07 17.jpg]
[cdn.wcs.org/2024/06/24/14/27/53/bf3438a0-fb0a-4418-a7c6-8e6f497dc8e3/file.jpg]
[cdn.wcs.org/2022/11/01/1ohn2dngf9_Julie_Larsen_Maher_4530_Burrowing_Owl_in_Snow_BOP_BZ_12_18_20.jpg]
[cdn.wcs.org/2023/06/30/06/02/20/5648b3f9-a43a-4f77-9a48-5c209209ba82/Julie Larsen Maher_5395_California Sea Lion and Feed_QZ_08 02 22.jpg]
[cdn.wcs.org/2024/06/04/15/17/25/856fc1b0-622d-4a36-9d74-575fa1d28aa9/file.jpg]
[cdn.wcs.org/2024/06/24/14/27/52/feed74d8-dacd-4d15-9d29-61dffdc38fa2/file.jpg]
[queenszoo.com/learn/families/children-programs.html]
[cdn.wcs.org/2024/06/22/16/01/36/cae23002-c9c0-4095-ab44-e7ee0fea56ca/Halloween Girl Focus 17x11.jpg]
[cdn.wcs.org/2024/06/24/06/28/47/61e9b2bf-4b9c-4332-8e50-70bafec166f2/Julie Larsen Maher_9684_Zoo Camp_QZ_07 09 14.jpg]
[cdn.wcs.org/2024/06/24/06/28/48/6982a7f5-6030-4b1a-8eae-960fe22526a5/Terria Clay_0134_Andean Bear with Cubs_WS_QZ_20240522.jpg]
[cdn.wcs.org/2024/06/24/06/28/47/4d2c3f88-ae12-4fc5-b29e-eb51a7576428/file.jpg]
[queenszoo.com/learn/families/family-programs.html]
[cdn.wcs.org/2024/07/08/08/32/00/f4952a3d-e094-4b71-ad28-8e3d06b213f8/Girl Scouts 1080 x 720_Daisy_chinchilla.jpg]
[cdn.wcs.org/2024/07/08/08/39/41/163cf140-cfb5-456f-82e1-8c676ecf0aa1/Girl Scouts Daisies troop 1080x720.jpg]
[queenszoo.com/learn/families/scouts.html]
[queenszoo.com/updates/cub-date.html]
[cdn.wcs.org/2022/05/24/8ko6y918se__Julie_Larsen_Maher_1718_Pudu_and_Fawn_QZ_06_01_17.jpg]
[queenszoo.com/updates/prepare-for-cute-we-ve-got-a-pudu-fawn.html]
[cdn.wcs.org/2022/05/31/2agnbgk5yi__Julie_Larsen_Maher_1515_Andean_Bear_and_Cub_QZ_05_01_17.jpg]
[cdn.wcs.org/2022/05/31/420589yltj__Julie_Larsen_Maher_1644_Andean_Bear_and_Cub_QZ_05_01_17.jpg]
[cdn.wcs.org/2022/05/25/76irms5dxh__Julie_Larsen_Maher_1544_Andean_Bear_and_Cub_QZ_05_01_17.jpg]
[cdn.wcs.org/2022/05/25/2j0f3dazg0_Megan_Maher_4096_Andean_Bear_Cub_QZ_05_01_17.jpg]
[cdn.wcs.org/2022/05/31/8el2asu208__Julie_Larsen_Maher_1309_Andean_Bear_and_Cub_QZ_05_01_17.jpg]
[cdn.wcs.org/2022/05/31/2nafb890gp__Julie_Larsen_Maher_1697_Andean_Bear_and_Cub_QZ_05_01_17.jpg]
[queenszoo.com/updates/it-s-a-boy.html]
[queenszoo.com/updates/introducing-the-national-mammal.html]
[queenszoo.com/updates/your-best-photos-of-2015.html]
[queenszoo.com/updates/welcome-to-nyc-nicole.html]
[www.instagram.com/embed.js]
[cdn.wcs.org/2022/06/04/537q2jt9sn_Julie_Larsen_Maher_6341_Burrowing_Owl_QZ_09_25_15_1_.jpg]
[queenszoo.com/updates/look-who-s-new.html]
[cdn.wcs.org/2022/05/27/281af8mbe3_Julie_Larsen_Maher_9127_Roosevelt_Elk_and_Calf_QZ_07_27_15_sq.jpg]
[queenszoo.com/updates/roosevelt-elk-calf-is-born.html]
[cdn.wcs.org/2022/05/25/9ei5xo07mh_Julie_Larsen_Maher_4313_Coyotes_QZ_10_06_14.jpg]
[queenszoo.com/updates/rescued-coyote-pups-at-the-zoo.html]
[queenszoo.com/schedulebcd9.html]
[queenszoo.com/schedule44e6.html]
[queenszoo.com/schedule6c13.html]
[queenszoo.com/scheduledec8.html]
[queenszoo.com/learn/field-trips/plan/register.html]
[cdn.wcs.org/2022/05/24/2xcixeqpmr_Julie_Larsen_Maher_2195_Black_footed_Penguins_AQ_04_30_15.jpg]
[queenszoo.com/learn/field-trips/plan.html]
[s3.amazonaws.com/wcs-cms/nyza-learn.css]
[www.instagram.com/embed.js]
[queenszoo.com/scheduleaebc.html]
[queenszoo.com/schedule44e6.html]
[queenszoo.com/scheduledec8.html]
[queenszoo.com/schedulebbe8.html]
[queenszoo.com/learn/field-trips/plan/tips.html]
[queenszoo.com/learn/field-trips/plan/register.html]
[queenszoo.com/updates/chrome-extension_/index.html]
[queenszoo.com/updates/$1/index.html]
[queenszoo.com/updates/embed/index.html]
[queenszoo.com/updates/captioned/index.html]
[queenszoo.com/scheduleaebc.html]
[queenszoo.com/scheduled290.html]
[queenszoo.com/schedulebbe8.html]
[queenszoo.com/learn/field-trips/plan/tips.html]
[queenszoo.com/scheduleabf4.html]
[queenszoo.com/scheduled290.html]
[queenszoo.com/scheduledbd5.html]
[queenszoo.com/scheduleabf4.html]
[queenszoo.com/schedule9358.html]
[queenszoo.com/scheduledbd5.html]
[queenszoo.com/schedule0d15.html]
[queenszoo.com/schedule9358.html]
[queenszoo.com/schedule6104.html]
[queenszoo.com/schedule0d15.html]
[queenszoo.com/schedulefcc3.html]
[queenszoo.com/schedule6104.html]
[queenszoo.com/schedule7864.html]
[queenszoo.com/schedulefcc3.html]
[queenszoo.com/schedulefe7f.html]
[queenszoo.com/schedule7864.html]
[queenszoo.com/schedule6816.html]
[queenszoo.com/schedulefe7f.html]
[queenszoo.com/schedulec100.html]
[queenszoo.com/schedule6816.html]
[queenszoo.com/schedule1b79.html]
[queenszoo.com/schedulec100.html]
[queenszoo.com/schedulec14c.html]
[queenszoo.com/schedule1b79.html]
[queenszoo.com/schedule8260.html]
[queenszoo.com/schedulec14c.html]
[queenszoo.com/schedule9e64.html]
[queenszoo.com/schedule8260.html]
[queenszoo.com/schedulec437.html]
[queenszoo.com/schedule9e64.html]
[queenszoo.com/schedule2cee.html]
[queenszoo.com/schedulec437.html]
[queenszoo.com/schedule8273.html]
[queenszoo.com/schedule2cee.html]
[queenszoo.com/schedule46df.html]
[queenszoo.com/schedule8273.html]
[queenszoo.com/schedule8ae2.html]
[queenszoo.com/schedule46df.html]
[queenszoo.com/schedule7673.html]
[queenszoo.com/schedule8ae2.html]
[queenszoo.com/schedule931d.html]
[queenszoo.com/schedule7673.html]
[queenszoo.com/scheduled1cb.html]
[queenszoo.com/schedule931d.html]
[queenszoo.com/schedulebaf9.html]
[queenszoo.com/scheduled1cb.html]
[queenszoo.com/schedule2874.html]
[queenszoo.com/schedulebaf9.html]
[queenszoo.com/scheduleebbb.html]
[queenszoo.com/schedule2874.html]
[queenszoo.com/schedulebd58.html]
[queenszoo.com/scheduleebbb.html]
[queenszoo.com/schedule197b.html]
[queenszoo.com/schedulebd58.html]
[queenszoo.com/schedule33d2.html]
[queenszoo.com/schedule197b.html]
[queenszoo.com/schedulea1ef.html]
[queenszoo.com/schedule33d2.html]
[queenszoo.com/schedule2136.html]
[queenszoo.com/schedulea1ef.html]
[queenszoo.com/schedule1aaa.html]
[queenszoo.com/schedule2136.html]
[queenszoo.com/schedule8cdc.html]
[queenszoo.com/schedule1aaa.html]
[queenszoo.com/schedulefefc.html]
[queenszoo.com/schedule8cdc.html]
[queenszoo.com/schedule7534.html]
[queenszoo.com/schedulefefc.html]
[queenszoo.com/schedule4cee.html]
[queenszoo.com/schedule7534.html]
[queenszoo.com/schedulee68a.html]
[queenszoo.com/schedule4cee.html]
[queenszoo.com/schedule2454.html]
[queenszoo.com/schedulee68a.html]
[queenszoo.com/schedule625b.html]
[queenszoo.com/schedule2454.html]
[queenszoo.com/scheduled29c.html]
[queenszoo.com/schedule625b.html]
[queenszoo.com/schedule1558.html]
[queenszoo.com/scheduled29c.html]
[queenszoo.com/schedulecef4.html]
[queenszoo.com/schedule1558.html]
[queenszoo.com/schedule4ba5.html]
[queenszoo.com/schedulecef4.html]
[queenszoo.com/schedule8538.html]
[queenszoo.com/schedule4ba5.html]
[queenszoo.com/schedule3bab.html]
[queenszoo.com/schedule8538.html]
[queenszoo.com/schedulee6d4.html]
[queenszoo.com/schedule3bab.html]
[queenszoo.com/schedule8957.html]
[queenszoo.com/schedulee6d4.html]
[queenszoo.com/schedule154f.html]
[queenszoo.com/schedule8957.html]
[queenszoo.com/schedulef0b5.html]
[queenszoo.com/schedule154f.html]
[queenszoo.com/schedulef298.html]
[queenszoo.com/schedulef0b5.html]
[queenszoo.com/schedule1150.html]
[queenszoo.com/schedulef298.html]
[queenszoo.com/schedulea273.html]
[queenszoo.com/schedule1150.html]
[queenszoo.com/schedule952b.html]
[queenszoo.com/schedulea273.html]
[queenszoo.com/schedule5526.html]
[queenszoo.com/schedule952b.html]
[queenszoo.com/scheduleca71.html]
[queenszoo.com/schedule5526.html]
[queenszoo.com/schedule6b7a.html]
[queenszoo.com/scheduleca71.html]
[queenszoo.com/schedulebe02.html]
[queenszoo.com/schedule6b7a.html]
[queenszoo.com/schedulefc46.html]
[queenszoo.com/schedulebe02.html]
[queenszoo.com/schedule234c.html]
[queenszoo.com/schedulefc46.html]
[queenszoo.com/schedule97f7.html]
[queenszoo.com/schedule234c.html]
[queenszoo.com/scheduleac54.html]
[queenszoo.com/schedule97f7.html]
[queenszoo.com/schedule3f74.html]
[queenszoo.com/scheduleac54.html]
[queenszoo.com/schedulea34a.html]
[queenszoo.com/schedule3f74.html]
[queenszoo.com/schedule688e.html]
[queenszoo.com/schedulea34a.html]
[queenszoo.com/schedule40f8.html]
[queenszoo.com/schedule688e.html]
[queenszoo.com/schedulec02f.html]
[queenszoo.com/schedule40f8.html]
[queenszoo.com/schedule0d1d.html]
[queenszoo.com/schedulec02f.html]
[queenszoo.com/schedulec4a2.html]
[queenszoo.com/schedule0d1d.html]
[queenszoo.com/schedulea397.html]
[queenszoo.com/schedulec4a2.html]
[queenszoo.com/schedule387b.html]
[queenszoo.com/schedulea397.html]
[queenszoo.com/schedule3570.html]
[queenszoo.com/schedule387b.html]
[queenszoo.com/schedule5a7e.html]
[queenszoo.com/schedule3570.html]
[queenszoo.com/schedulec364.html]
[queenszoo.com/schedule5a7e.html]
[queenszoo.com/schedulef8d4.html]
[queenszoo.com/schedulec364.html]
[queenszoo.com/schedule1381.html]
[queenszoo.com/schedulef8d4.html]
[queenszoo.com/schedule5e2e.html]
[queenszoo.com/schedule1381.html]
[queenszoo.com/schedulec9b2.html]
[queenszoo.com/schedule5e2e.html]
[queenszoo.com/schedulec48e.html]
[queenszoo.com/schedulec9b2.html]
[queenszoo.com/schedulecdbd.html]
[queenszoo.com/schedulec48e.html]
[queenszoo.com/schedulea7ac.html]
[queenszoo.com/schedulecdbd.html]
[queenszoo.com/schedule8657.html]
[queenszoo.com/schedulea7ac.html]
[queenszoo.com/schedule847d.html]
[queenszoo.com/schedule8657.html]
[queenszoo.com/schedule197b-2.html]
[queenszoo.com/schedule847d.html]
[queenszoo.com/schedule938b.html]
[queenszoo.com/schedule197b-2.html]
[queenszoo.com/schedule2465.html]
[queenszoo.com/schedule938b.html]
[queenszoo.com/schedule5036.html]
[queenszoo.com/schedule2465.html]
[queenszoo.com/schedule346c.html]
[queenszoo.com/schedule5036.html]
[queenszoo.com/schedule7ad4.html]
[queenszoo.com/schedule346c.html]
[queenszoo.com/schedule8f2a.html]
[queenszoo.com/schedule7ad4.html]
[queenszoo.com/schedule547c.html]
[queenszoo.com/schedule8f2a.html]
[queenszoo.com/schedule6205.html]
[queenszoo.com/schedule547c.html]
[queenszoo.com/schedule4b5d.html]
[queenszoo.com/schedule6205.html]
[queenszoo.com/schedule4dd8.html]
[queenszoo.com/schedule4b5d.html]
[queenszoo.com/schedulea134.html]
[queenszoo.com/schedule4dd8.html]
[queenszoo.com/schedule1075.html]
[queenszoo.com/schedulea134.html]
[queenszoo.com/schedule0e19.html]
[queenszoo.com/schedule1075.html]
[queenszoo.com/schedule581f.html]
[queenszoo.com/schedule0e19.html]
[queenszoo.com/schedule1082.html]
[queenszoo.com/schedule581f.html]
[queenszoo.com/schedule3e54.html]
[queenszoo.com/schedule1082.html]
[queenszoo.com/schedulebee3.html]
[queenszoo.com/schedule3e54.html]
[queenszoo.com/schedule2129.html]
[queenszoo.com/schedulebee3.html]
[queenszoo.com/schedule4694.html]
[queenszoo.com/schedule2129.html]
[queenszoo.com/schedule2987.html]
[queenszoo.com/schedule4694.html]
[queenszoo.com/schedule4f5a.html]
[queenszoo.com/schedule2987.html]
[queenszoo.com/schedulea9e2.html]
[queenszoo.com/schedule4f5a.html]
[queenszoo.com/schedulef066.html]
[queenszoo.com/schedulea9e2.html]
[queenszoo.com/schedulee68c.html]
[queenszoo.com/schedulef066.html]
[queenszoo.com/scheduleaef9.html]
[queenszoo.com/schedulee68c.html]
[queenszoo.com/schedule80e4.html]
[queenszoo.com/scheduleaef9.html]
[queenszoo.com/schedulee2fa.html]
[queenszoo.com/schedule80e4.html]
[queenszoo.com/schedule7340.html]
[queenszoo.com/schedulee2fa.html]
[queenszoo.com/schedulef63f.html]
[queenszoo.com/schedule7340.html]
[queenszoo.com/schedulec649.html]
[queenszoo.com/schedulef63f.html]
[queenszoo.com/schedule8c73.html]
[queenszoo.com/schedulec649.html]
[queenszoo.com/schedule0acb.html]
[queenszoo.com/schedule8c73.html]
[queenszoo.com/schedule3ac2.html]
[queenszoo.com/schedule0acb.html]
[queenszoo.com/schedule4e08.html]
[queenszoo.com/schedule3ac2.html]
[queenszoo.com/schedule5ba7.html]
[queenszoo.com/schedule4e08.html]
[queenszoo.com/schedule68c4.html]
[queenszoo.com/schedule5ba7.html]
[queenszoo.com/scheduleeb5f.html]
[queenszoo.com/schedule68c4.html]
[queenszoo.com/schedule54e4.html]
[queenszoo.com/scheduleeb5f.html]
[queenszoo.com/schedule11ce.html]
[queenszoo.com/schedule54e4.html]
[queenszoo.com/schedulea2c2.html]
[queenszoo.com/schedule11ce.html]
[queenszoo.com/schedulea6a0.html]
[queenszoo.com/schedulea2c2.html]
[queenszoo.com/scheduleaffb.html]
[queenszoo.com/schedulea6a0.html]
[queenszoo.com/schedulede99.html]
[queenszoo.com/scheduleaffb.html]
[queenszoo.com/schedule5ba2.html]
[queenszoo.com/schedulede99.html]
[queenszoo.com/schedule900c.html]
[queenszoo.com/schedule5ba2.html]
[queenszoo.com/scheduleb02e.html]
[queenszoo.com/schedule900c.html]
[queenszoo.com/schedule9553.html]
[queenszoo.com/scheduleb02e.html]
[queenszoo.com/scheduled988.html]
[queenszoo.com/schedule9553.html]
[queenszoo.com/schedule568a.html]
[queenszoo.com/scheduled988.html]
[queenszoo.com/schedulebcd7.html]
[queenszoo.com/schedule568a.html]
[queenszoo.com/schedulec301.html]
[queenszoo.com/schedulebcd7.html]
[queenszoo.com/schedule0a43.html]
[queenszoo.com/schedulec301.html]
[queenszoo.com/schedule6d2d.html]
[queenszoo.com/schedule0a43.html]
[queenszoo.com/schedulebb51.html]
[queenszoo.com/schedule6d2d.html]
[queenszoo.com/schedule3b87.html]
[queenszoo.com/schedulebb51.html]
[queenszoo.com/scheduled71a.html]
[queenszoo.com/schedule3b87.html]
[queenszoo.com/schedulec64b.html]
[queenszoo.com/scheduled71a.html]
[queenszoo.com/schedule90f6.html]
[queenszoo.com/schedulec64b.html]
[queenszoo.com/schedule5073.html]
[queenszoo.com/schedule90f6.html]
[queenszoo.com/schedulef881.html]
[queenszoo.com/schedule5073.html]
[queenszoo.com/schedule71dd.html]
[queenszoo.com/schedulef881.html]
[queenszoo.com/schedulecc68.html]
[queenszoo.com/schedule71dd.html]
[queenszoo.com/schedule8986.html]
[queenszoo.com/schedulecc68.html]
[queenszoo.com/schedule5e36.html]
[queenszoo.com/schedule8986.html]
[queenszoo.com/schedule344c.html]
[queenszoo.com/schedule5e36.html]
[queenszoo.com/schedule5f6d.html]
[queenszoo.com/schedule344c.html]
[queenszoo.com/schedulef656.html]
[queenszoo.com/schedule5f6d.html]
[queenszoo.com/scheduleea30.html]
[queenszoo.com/schedulef656.html]
[queenszoo.com/schedule4ba1.html]
[queenszoo.com/scheduleea30.html]
[queenszoo.com/schedule39e3.html]
[queenszoo.com/schedule4ba1.html]
[queenszoo.com/schedule437e.html]
[queenszoo.com/schedule39e3.html]
[queenszoo.com/schedule1369.html]
[queenszoo.com/schedule437e.html]
[queenszoo.com/schedulefd19.html]
[queenszoo.com/schedule1369.html]
[queenszoo.com/schedule24b3.html]
[queenszoo.com/schedulefd19.html]
[queenszoo.com/schedulea375.html]
[queenszoo.com/schedule24b3.html]
[queenszoo.com/schedulef53e.html]
[queenszoo.com/schedulea375.html]
[queenszoo.com/schedule5875.html]
[queenszoo.com/schedulef53e.html]
[queenszoo.com/schedulee420.html]
[queenszoo.com/schedule5875.html]
[queenszoo.com/schedule2388.html]
[queenszoo.com/schedulee420.html]
[queenszoo.com/schedulea9ce.html]
[queenszoo.com/schedule2388.html]
[queenszoo.com/schedule9f29.html]
[queenszoo.com/schedulea9ce.html]
[queenszoo.com/scheduled264.html]
[queenszoo.com/schedule9f29.html]
[queenszoo.com/schedule9cd4.html]
[queenszoo.com/scheduled264.html]
[queenszoo.com/scheduleaea9.html]
[queenszoo.com/schedule9cd4.html]
[queenszoo.com/schedulec6ba.html]
[queenszoo.com/scheduleaea9.html]
[queenszoo.com/schedule3958.html]
[queenszoo.com/schedulec6ba.html]
[queenszoo.com/scheduledf70.html]
[queenszoo.com/schedule3958.html]
[queenszoo.com/schedulef1e7.html]
[queenszoo.com/scheduledf70.html]
[queenszoo.com/schedule6695.html]
[queenszoo.com/schedulef1e7.html]
[queenszoo.com/schedule3377.html]
[queenszoo.com/schedule6695.html]
[queenszoo.com/scheduled87f.html]
[queenszoo.com/schedule3377.html]
[queenszoo.com/scheduleba5d.html]
[queenszoo.com/scheduled87f.html]
[queenszoo.com/schedulebccd.html]
[queenszoo.com/scheduleba5d.html]
[queenszoo.com/schedulecb1c.html]
[queenszoo.com/schedulebccd.html]
[queenszoo.com/schedule6623.html]
[queenszoo.com/schedulecb1c.html]
[queenszoo.com/schedule4765.html]
[queenszoo.com/schedule6623.html]
[queenszoo.com/schedule39ff.html]
[queenszoo.com/schedule4765.html]
[queenszoo.com/schedule3b38.html]
[queenszoo.com/schedule39ff.html]
[queenszoo.com/schedule6e91.html]
[queenszoo.com/schedule3b38.html]
[queenszoo.com/scheduleb609.html]
[queenszoo.com/schedule6e91.html]
[queenszoo.com/schedulea476.html]
[queenszoo.com/scheduleb609.html]
[queenszoo.com/schedulecba8.html]
[queenszoo.com/schedulea476.html]
[queenszoo.com/schedule3118.html]
[queenszoo.com/schedulecba8.html]
[queenszoo.com/schedule20d5.html]
[queenszoo.com/schedule3118.html]
[queenszoo.com/schedulef340.html]
[queenszoo.com/schedule20d5.html]
[queenszoo.com/scheduledcb0.html]
[queenszoo.com/schedulef340.html]
[queenszoo.com/schedulea334.html]
[queenszoo.com/scheduledcb0.html]
[queenszoo.com/schedule07f6.html]
[queenszoo.com/schedulea334.html]
[queenszoo.com/scheduled4de.html]
[queenszoo.com/schedule07f6.html]
[queenszoo.com/schedule91fc.html]
[queenszoo.com/scheduled4de.html]
[queenszoo.com/schedule105b.html]
[queenszoo.com/schedule91fc.html]
[queenszoo.com/schedulec8a2.html]
[queenszoo.com/schedule105b.html]
[queenszoo.com/schedulede7f.html]
[queenszoo.com/schedulec8a2.html]
[queenszoo.com/schedulee0c9.html]
[queenszoo.com/schedulede7f.html]
[queenszoo.com/schedule49d8.html]
[queenszoo.com/schedulee0c9.html]
[queenszoo.com/scheduleda07.html]
[queenszoo.com/schedule49d8.html]
[queenszoo.com/schedule002f.html]
[queenszoo.com/scheduleda07.html]
[queenszoo.com/schedulece13.html]
[queenszoo.com/schedule002f.html]
[queenszoo.com/schedulec752.html]
[queenszoo.com/schedulece13.html]
[queenszoo.com/schedule49f7.html]
[queenszoo.com/schedulec752.html]
[queenszoo.com/schedule05a9.html]
[queenszoo.com/schedule49f7.html]
[queenszoo.com/schedule53ac.html]
[queenszoo.com/schedule05a9.html]
[queenszoo.com/schedule847a.html]
[queenszoo.com/schedule53ac.html]
[queenszoo.com/schedulec1fe.html]
[queenszoo.com/schedule847a.html]
[queenszoo.com/schedulef5ce.html]
[queenszoo.com/schedulec1fe.html]
[queenszoo.com/schedule9765.html]
[queenszoo.com/schedulef5ce.html]
[queenszoo.com/scheduleb15c.html]
[queenszoo.com/schedule9765.html]
[queenszoo.com/schedule0986.html]
[queenszoo.com/scheduleb15c.html]
[queenszoo.com/schedule4970.html]
[queenszoo.com/schedule0986.html]
[queenszoo.com/schedulee613.html]
[queenszoo.com/schedule4970.html]
[queenszoo.com/schedulee3b8.html]
[queenszoo.com/schedulee613.html]
[queenszoo.com/schedulea351.html]
[queenszoo.com/schedulee3b8.html]
[queenszoo.com/schedule6eed.html]
[queenszoo.com/schedulea351.html]
[queenszoo.com/schedulef1e3.html]
[queenszoo.com/schedule6eed.html]
[queenszoo.com/schedule5f6d-2.html]
[queenszoo.com/schedulef1e3.html]
[queenszoo.com/schedule4080.html]
[queenszoo.com/schedule5f6d-2.html]
[queenszoo.com/scheduleacaa.html]
[queenszoo.com/schedule4080.html]
[queenszoo.com/schedule45d3.html]
[queenszoo.com/scheduleacaa.html]
[queenszoo.com/scheduled8ab.html]
[queenszoo.com/schedule45d3.html]
[queenszoo.com/schedule5624.html]
[queenszoo.com/scheduled8ab.html]
[queenszoo.com/schedulea03d.html]
[queenszoo.com/schedule5624.html]
[queenszoo.com/schedule5676.html]
[queenszoo.com/schedulea03d.html]
[queenszoo.com/schedule03b4.html]
[queenszoo.com/schedule5676.html]
[queenszoo.com/schedule0d02.html]
[queenszoo.com/schedule03b4.html]
[queenszoo.com/schedulee578.html]
[queenszoo.com/schedule0d02.html]
[queenszoo.com/schedulecd39.html]
[queenszoo.com/schedulee578.html]
[queenszoo.com/schedulecd3f.html]
[queenszoo.com/schedulecd39.html]
[queenszoo.com/schedule7aba.html]
[queenszoo.com/schedulecd3f.html]
[queenszoo.com/scheduledc62.html]
[queenszoo.com/schedule7aba.html]
[queenszoo.com/schedule8636.html]
[queenszoo.com/scheduledc62.html]
[queenszoo.com/schedule691d.html]
[queenszoo.com/schedule8636.html]
[queenszoo.com/schedulecbdf.html]
[queenszoo.com/schedule691d.html]
[queenszoo.com/schedule708c.html]
[queenszoo.com/schedulecbdf.html]
[queenszoo.com/schedule018b.html]
[queenszoo.com/schedule708c.html]
[queenszoo.com/schedule1e60.html]
[queenszoo.com/schedule018b.html]
[queenszoo.com/schedulefd16.html]
[queenszoo.com/schedule1e60.html]
[queenszoo.com/schedule9125.html]
[queenszoo.com/schedulefd16.html]
[queenszoo.com/schedule385e.html]
[queenszoo.com/schedule9125.html]
[queenszoo.com/scheduled20f.html]
[queenszoo.com/schedule385e.html]
[queenszoo.com/schedule6adb.html]
[queenszoo.com/scheduled20f.html]
[queenszoo.com/schedule9704.html]
[queenszoo.com/schedule6adb.html]
[queenszoo.com/schedule0b7e.html]
[queenszoo.com/schedule9704.html]
[queenszoo.com/schedule6240.html]
[queenszoo.com/schedule0b7e.html]
[queenszoo.com/schedule6c21.html]
[queenszoo.com/schedule6240.html]
[queenszoo.com/schedule44c0.html]
[queenszoo.com/schedule6c21.html]
[queenszoo.com/schedule2e9d.html]
[queenszoo.com/schedule44c0.html]
[queenszoo.com/schedulece34.html]
[queenszoo.com/schedule2e9d.html]
[queenszoo.com/schedule4269.html]
[queenszoo.com/schedulece34.html]
[queenszoo.com/schedule9d06.html]
[queenszoo.com/schedule4269.html]
[queenszoo.com/schedule9bf5.html]
[queenszoo.com/schedule9d06.html]
[queenszoo.com/schedulef720.html]
[queenszoo.com/schedule9bf5.html]
[queenszoo.com/schedule30d1.html]
[queenszoo.com/schedulef720.html]
[queenszoo.com/schedule823a.html]
[queenszoo.com/schedule30d1.html]
[queenszoo.com/scheduleb11c.html]
[queenszoo.com/schedule823a.html]
[queenszoo.com/schedulef3a5.html]
[queenszoo.com/scheduleb11c.html]
[queenszoo.com/scheduleab7c.html]
[queenszoo.com/schedulef3a5.html]
[queenszoo.com/scheduleb5cd.html]
[queenszoo.com/scheduleab7c.html]
[queenszoo.com/schedule89ad.html]
[queenszoo.com/scheduleb5cd.html]
[queenszoo.com/schedule8cda.html]
[queenszoo.com/schedule89ad.html]
[queenszoo.com/schedule9a04.html]
[queenszoo.com/schedule8cda.html]
[queenszoo.com/scheduleefdd.html]
[queenszoo.com/schedule9a04.html]
[queenszoo.com/scheduleec1e.html]
[queenszoo.com/scheduleefdd.html]
[queenszoo.com/schedulea6ed.html]
[queenszoo.com/scheduleec1e.html]
[queenszoo.com/schedulea21d.html]
[queenszoo.com/schedulea6ed.html]
[queenszoo.com/schedulea98b.html]
[queenszoo.com/schedulea21d.html]
[queenszoo.com/schedule9567.html]
[queenszoo.com/schedulea98b.html]
[queenszoo.com/schedule4be5.html]
[queenszoo.com/schedule9567.html]
[queenszoo.com/schedule1ba1.html]
[queenszoo.com/schedule4be5.html]
[queenszoo.com/schedulec8df.html]
[queenszoo.com/schedule1ba1.html]
[queenszoo.com/schedule4f67.html]
[queenszoo.com/schedulec8df.html]
[queenszoo.com/schedule72cd.html]
[queenszoo.com/schedule4f67.html]
[queenszoo.com/schedule79d4.html]
[queenszoo.com/schedule72cd.html]
[queenszoo.com/scheduled471.html]
[queenszoo.com/schedule79d4.html]
[queenszoo.com/schedule7bfe.html]
[queenszoo.com/scheduled471.html]
[queenszoo.com/schedule231d.html]
[queenszoo.com/schedule7bfe.html]
[queenszoo.com/schedule41c7.html]
[queenszoo.com/schedule231d.html]
[queenszoo.com/scheduledeaf.html]
[queenszoo.com/schedule41c7.html]
[queenszoo.com/schedulea375-2.html]
[queenszoo.com/scheduledeaf.html]
[queenszoo.com/scheduleaf53.html]
[queenszoo.com/schedulea375-2.html]
[queenszoo.com/scheduleffbf.html]
[queenszoo.com/scheduleaf53.html]
[queenszoo.com/scheduled222.html]
[queenszoo.com/scheduleffbf.html]
[queenszoo.com/schedule4c89.html]
[queenszoo.com/scheduled222.html]
[queenszoo.com/schedule8972.html]
[queenszoo.com/schedule4c89.html]
[queenszoo.com/schedule2907.html]
[queenszoo.com/schedule8972.html]
[queenszoo.com/schedule1b7b.html]
[queenszoo.com/schedule2907.html]
[queenszoo.com/schedulede2c.html]
[queenszoo.com/schedule1b7b.html]
[queenszoo.com/scheduled8b2.html]
[queenszoo.com/schedulede2c.html]
[queenszoo.com/schedule06b9.html]
[queenszoo.com/scheduled8b2.html]
[queenszoo.com/schedulebc7e.html]
[queenszoo.com/schedule06b9.html]
[queenszoo.com/schedulefcd4.html]
[queenszoo.com/schedulebc7e.html]
[queenszoo.com/schedulef08d.html]
[queenszoo.com/schedulefcd4.html]
[queenszoo.com/schedule9e75.html]
[queenszoo.com/schedulef08d.html]
[queenszoo.com/schedule017a.html]
[queenszoo.com/schedule9e75.html]
[queenszoo.com/scheduledc2d.html]
[queenszoo.com/schedule017a.html]
[queenszoo.com/schedule3b73.html]
[queenszoo.com/scheduledc2d.html]
[queenszoo.com/schedule5ba4.html]
[queenszoo.com/schedule3b73.html]
[queenszoo.com/schedulee5a0.html]
[queenszoo.com/schedule5ba4.html]
[queenszoo.com/schedule9e25.html]
[queenszoo.com/schedulee5a0.html]
[queenszoo.com/schedule94ff.html]
[queenszoo.com/schedule9e25.html]
[queenszoo.com/schedulef793.html]
[queenszoo.com/schedule94ff.html]
[queenszoo.com/schedule3e86.html]
[queenszoo.com/schedulea01e.html]
[queenszoo.com/schedulef793.html]
[queenszoo.com/schedule3e86.html]
[queenszoo.com/schedule5f30.html]
[queenszoo.com/schedulea30c.html]
[queenszoo.com/schedulea01e.html]
[queenszoo.com/schedule5f30.html]
[queenszoo.com/scheduled1b3.html]
[queenszoo.com/schedulea157.html]
[queenszoo.com/schedulea30c.html]
[queenszoo.com/scheduled1b3.html]
[queenszoo.com/scheduleeb50.html]
[queenszoo.com/schedulec4eb.html]
[queenszoo.com/schedulea157.html]
[queenszoo.com/scheduleeb50.html]
[queenszoo.com/schedule307f.html]
[queenszoo.com/scheduled6d3.html]
[queenszoo.com/schedulec4eb.html]
[queenszoo.com/schedule307f.html]
[queenszoo.com/schedule0da1.html]
[queenszoo.com/schedule4b80.html]
[queenszoo.com/scheduled6d3.html]
[queenszoo.com/schedule0da1.html]
[queenszoo.com/schedule5d9d.html]
[queenszoo.com/schedule2877.html]
[queenszoo.com/schedule4b80.html]
[queenszoo.com/schedule5d9d.html]
[queenszoo.com/schedulef6a6.html]
[queenszoo.com/schedule4ce1.html]
[queenszoo.com/schedule2877.html]
[queenszoo.com/schedulef6a6.html]
[queenszoo.com/schedulec81e.html]
[queenszoo.com/schedule1cd8.html]
[queenszoo.com/schedule4ce1.html]
[queenszoo.com/schedulec81e.html]
[queenszoo.com/schedule9170.html]
[queenszoo.com/schedule1bb6.html]
[queenszoo.com/schedule1cd8.html]
[queenszoo.com/schedule9170.html]
[queenszoo.com/schedulee394.html]
[queenszoo.com/schedulec660.html]
[queenszoo.com/schedule1bb6.html]
[queenszoo.com/schedulee394.html]
[queenszoo.com/schedulee702.html]
[queenszoo.com/schedule4805.html]
[queenszoo.com/schedulec660.html]
[queenszoo.com/schedulee702.html]
[queenszoo.com/schedule72c7.html]
[queenszoo.com/schedule3578.html]
[queenszoo.com/schedule4805.html]
[queenszoo.com/schedule72c7.html]
[queenszoo.com/scheduleeb42.html]
[queenszoo.com/schedule243a.html]
[queenszoo.com/schedule3578.html]
[queenszoo.com/scheduleeb42.html]
[queenszoo.com/schedule379e.html]
[queenszoo.com/schedule1dac.html]
[queenszoo.com/schedule243a.html]
[queenszoo.com/schedule379e.html]
[queenszoo.com/schedule8533.html]
[queenszoo.com/schedule2f0e.html]
[queenszoo.com/schedule1dac.html]
[queenszoo.com/schedule8533.html]
[queenszoo.com/schedule9437.html]
[queenszoo.com/schedule104c.html]
[queenszoo.com/schedule2f0e.html]
[queenszoo.com/schedule9437.html]
[queenszoo.com/schedule7d79.html]
[queenszoo.com/schedule3101.html]
[queenszoo.com/schedule104c.html]
[queenszoo.com/schedule7d79.html]
[queenszoo.com/schedule6c08.html]
[queenszoo.com/schedule5c06.html]
[queenszoo.com/schedule3101.html]
[queenszoo.com/schedule6c08.html]
[queenszoo.com/schedulec250.html]
[queenszoo.com/schedule7e09.html]
[queenszoo.com/schedule5c06.html]
[queenszoo.com/schedulec250.html]
[queenszoo.com/schedule122d.html]
[queenszoo.com/schedule631c.html]
[queenszoo.com/schedule7e09.html]
[queenszoo.com/schedule122d.html]
[queenszoo.com/schedule1db4.html]
[queenszoo.com/schedule4d52.html]
[queenszoo.com/schedule631c.html]
[queenszoo.com/schedule1db4.html]
[queenszoo.com/schedule46ef.html]
[queenszoo.com/schedule3369.html]
[queenszoo.com/schedule4d52.html]
[queenszoo.com/schedule46ef.html]
[queenszoo.com/scheduled050.html]
[queenszoo.com/schedulebc8b.html]
[queenszoo.com/schedule3369.html]
[queenszoo.com/scheduled050.html]
[queenszoo.com/schedulefd0e.html]
[queenszoo.com/scheduled137.html]
[queenszoo.com/schedulebc8b.html]
[queenszoo.com/schedulefd0e.html]
[queenszoo.com/schedule198c.html]
[queenszoo.com/schedule3057.html]
[queenszoo.com/scheduled137.html]
[queenszoo.com/schedule198c.html]
[queenszoo.com/schedule126a.html]
[queenszoo.com/schedule164e.html]
[queenszoo.com/schedule3057.html]
[queenszoo.com/schedule126a.html]
[queenszoo.com/schedule113f.html]
[queenszoo.com/schedule1198.html]
[queenszoo.com/schedule164e.html]
[queenszoo.com/schedule113f.html]
[queenszoo.com/scheduled660.html]
[queenszoo.com/scheduled518.html]
[queenszoo.com/schedule1198.html]
[queenszoo.com/scheduled660.html]
[queenszoo.com/scheduledff7.html]
[queenszoo.com/scheduleb7c9.html]
[queenszoo.com/scheduled518.html]
[queenszoo.com/scheduledff7.html]
[queenszoo.com/schedulefdf6.html]
[queenszoo.com/schedulec17d.html]
[queenszoo.com/scheduleb7c9.html]
[queenszoo.com/schedulefdf6.html]
[queenszoo.com/schedulea0b8.html]
[queenszoo.com/schedule0c17.html]
[queenszoo.com/schedulec17d.html]
[queenszoo.com/schedulea0b8.html]
[queenszoo.com/schedule87ce.html]
[queenszoo.com/scheduleaf92.html]
[queenszoo.com/schedule0c17.html]
[queenszoo.com/schedule87ce.html]
[queenszoo.com/schedule3dca.html]
[queenszoo.com/schedulee8ae.html]
[queenszoo.com/scheduleaf92.html]
[queenszoo.com/schedule3dca.html]
[queenszoo.com/scheduleeb9f.html]
[queenszoo.com/schedule2c9f.html]
[queenszoo.com/schedulee8ae.html]
[queenszoo.com/scheduleeb9f.html]
[queenszoo.com/schedule145f.html]
[queenszoo.com/schedulecfdf.html]
[queenszoo.com/schedule2c9f.html]
[queenszoo.com/schedule145f.html]
[queenszoo.com/schedule6d87.html]
[queenszoo.com/schedulebfad.html]
[queenszoo.com/schedulecfdf.html]
[queenszoo.com/schedule6d87.html]
[queenszoo.com/schedulefd6e.html]
[queenszoo.com/schedule8169.html]
[queenszoo.com/schedulebfad.html]
[queenszoo.com/schedulefd6e.html]
[queenszoo.com/schedulea400.html]
[queenszoo.com/schedule198a.html]
[queenszoo.com/schedule8169.html]
[queenszoo.com/schedulea400.html]
[queenszoo.com/schedule21ef.html]
[queenszoo.com/schedule37e9.html]
[queenszoo.com/schedule198a.html]
[queenszoo.com/schedule21ef.html]
[queenszoo.com/schedule7569.html]
[queenszoo.com/schedule42bc.html]
[queenszoo.com/schedule37e9.html]
[queenszoo.com/schedule7569.html]
[queenszoo.com/schedulef864.html]
[queenszoo.com/schedule4de9.html]
[queenszoo.com/schedule42bc.html]
[queenszoo.com/schedulef864.html]
[queenszoo.com/schedulee525.html]
[queenszoo.com/schedule8494.html]
[queenszoo.com/schedule4de9.html]
[queenszoo.com/schedulee525.html]
[queenszoo.com/schedule4688.html]
[queenszoo.com/schedule9fc6.html]
[queenszoo.com/schedule8494.html]
[queenszoo.com/schedule4688.html]
[queenszoo.com/scheduledc96.html]
[queenszoo.com/schedule73c6.html]
[queenszoo.com/schedule9fc6.html]
[queenszoo.com/scheduledc96.html]
[queenszoo.com/schedule4de3.html]
[queenszoo.com/schedule9ac2.html]
[queenszoo.com/schedule73c6.html]
[queenszoo.com/schedule4de3.html]
[queenszoo.com/schedulece6d.html]
[queenszoo.com/schedule4d78.html]
[queenszoo.com/schedule9ac2.html]
[queenszoo.com/schedulece6d.html]
[queenszoo.com/schedule4d78.html]
[queenszoo.com/scheduleca4a.html]
[queenszoo.com/schedulefb94.html]
[queenszoo.com/exhibits/sea-lion-pool.html]
